Archive member included to satisfy reference by file (symbol)

/home/aghiles/Aghiles/Program/boards/riot/gcoap/bin/native/application_gcoap_example.a(main.o)
                              /usr/lib/gcc/x86_64-linux-gnu/6/../../../../lib32/Scrt1.o (main)
/home/aghiles/Aghiles/Program/boards/riot/gcoap/bin/native/application_gcoap_example.a(gcoap_cli.o)
                              /home/aghiles/Aghiles/Program/boards/riot/gcoap/bin/native/application_gcoap_example.a(main.o) (gcoap_cli_cmd)
/home/aghiles/Aghiles/Program/boards/riot/gcoap/bin/native/board.a(board_init.o)
                              /home/aghiles/Aghiles/Program/boards/riot/gcoap/bin/native/cpu/startup.o (board_init)
/home/aghiles/Aghiles/Program/boards/riot/gcoap/bin/native/core.a(kernel_init.o)
                              /home/aghiles/Aghiles/Program/boards/riot/gcoap/bin/native/cpu/startup.o (kernel_init)
/home/aghiles/Aghiles/Program/boards/riot/gcoap/bin/native/core.a(assert.o)
                              /home/aghiles/Aghiles/Program/boards/riot/gcoap/bin/native/cpu/startup.o (_assert_failure)
/home/aghiles/Aghiles/Program/boards/riot/gcoap/bin/native/core.a(thread.o)
                              /home/aghiles/Aghiles/Program/boards/riot/gcoap/bin/native/core.a(kernel_init.o) (thread_create)
/home/aghiles/Aghiles/Program/boards/riot/gcoap/bin/native/core.a(msg.o)
                              /home/aghiles/Aghiles/Program/boards/riot/gcoap/bin/native/application_gcoap_example.a(main.o) (msg_init_queue)
/home/aghiles/Aghiles/Program/boards/riot/gcoap/bin/native/core.a(panic.o)
                              /home/aghiles/Aghiles/Program/boards/riot/gcoap/bin/native/core.a(assert.o) (assert_crash_message)
/home/aghiles/Aghiles/Program/boards/riot/gcoap/bin/native/core.a(sched.o)
                              /home/aghiles/Aghiles/Program/boards/riot/gcoap/bin/native/core.a(thread.o) (sched_num_threads)
/home/aghiles/Aghiles/Program/boards/riot/gcoap/bin/native/cpu.a(syscalls.o)
                              /home/aghiles/Aghiles/Program/boards/riot/gcoap/bin/native/cpu/startup.o (real_exit)
/home/aghiles/Aghiles/Program/boards/riot/gcoap/bin/native/cpu.a(irq_cpu.o)
                              /home/aghiles/Aghiles/Program/boards/riot/gcoap/bin/native/cpu.a(syscalls.o) (native_interrupts_enabled)
/home/aghiles/Aghiles/Program/boards/riot/gcoap/bin/native/cpu.a(native_cpu.o)
                              /home/aghiles/Aghiles/Program/boards/riot/gcoap/bin/native/core.a(thread.o) (thread_stack_init)
/home/aghiles/Aghiles/Program/boards/riot/gcoap/bin/native/cpu.a(tramp.o)
                              /home/aghiles/Aghiles/Program/boards/riot/gcoap/bin/native/cpu.a(irq_cpu.o) (_native_sig_leave_tramp)
/home/aghiles/Aghiles/Program/boards/riot/gcoap/bin/native/fmt.a(fmt.o)
                              /home/aghiles/Aghiles/Program/boards/riot/gcoap/bin/native/application_gcoap_example.a(gcoap_cli.o) (fmt_u16_dec)
/home/aghiles/Aghiles/Program/boards/riot/gcoap/bin/native/gcoap.a(gcoap.o)
                              /home/aghiles/Aghiles/Program/boards/riot/gcoap/bin/native/application_gcoap_example.a(gcoap_cli.o) (gcoap_resp_init)
/home/aghiles/Aghiles/Program/boards/riot/gcoap/bin/native/gnrc_netif.a(gnrc_netif.o)
                              /home/aghiles/Aghiles/Program/boards/riot/gcoap/bin/native/application_gcoap_example.a(gcoap_cli.o) (gnrc_netif_numof)
/home/aghiles/Aghiles/Program/boards/riot/gcoap/bin/native/gnrc_netif.a(gnrc_netif_device_type.o)
                              /home/aghiles/Aghiles/Program/boards/riot/gcoap/bin/native/gnrc_netif.a(gnrc_netif.o) (gnrc_netif_get_l2addr_opt)
/home/aghiles/Aghiles/Program/boards/riot/gcoap/bin/native/gnrc_pktbuf_static.a(gnrc_pktbuf_static.o)
                              /home/aghiles/Aghiles/Program/boards/riot/gcoap/bin/native/gnrc_netif.a(gnrc_netif.o) (gnrc_pktbuf_release_error)
/home/aghiles/Aghiles/Program/boards/riot/gcoap/bin/native/gnrc_sock_udp.a(gnrc_sock_udp.o)
                              /home/aghiles/Aghiles/Program/boards/riot/gcoap/bin/native/gcoap.a(gcoap.o) (sock_udp_create)
/home/aghiles/Aghiles/Program/boards/riot/gcoap/bin/native/gnrc_udp.a(gnrc_udp.o)
                              /home/aghiles/Aghiles/Program/boards/riot/gcoap/bin/native/gnrc_sock_udp.a(gnrc_sock_udp.o) (gnrc_udp_hdr_build)
/home/aghiles/Aghiles/Program/boards/riot/gcoap/bin/native/inet_csum.a(inet_csum.o)
                              /home/aghiles/Aghiles/Program/boards/riot/gcoap/bin/native/gnrc_udp.a(gnrc_udp.o) (inet_csum_slice)
/home/aghiles/Aghiles/Program/boards/riot/gcoap/bin/native/ipv6_addr.a(ipv6_addr.o)
                              /home/aghiles/Aghiles/Program/boards/riot/gcoap/bin/native/gnrc_netif.a(gnrc_netif.o) (ipv6_addr_unspecified)
/home/aghiles/Aghiles/Program/boards/riot/gcoap/bin/native/ipv6_addr.a(ipv6_addr_to_str.o)
                              /home/aghiles/Aghiles/Program/boards/riot/gcoap/bin/native/ipv6_addr.a(ipv6_addr.o) (ipv6_addr_to_str)
[...]
Memory Configuration

Name             Origin             Length             Attributes
*default*        0x0000000000000000 0xffffffffffffffff

Linker script and memory map

LOAD /usr/lib/gcc/x86_64-linux-gnu/6/../../../../lib32/Scrt1.o
LOAD /usr/lib/gcc/x86_64-linux-gnu/6/../../../../lib32/crti.o
LOAD /usr/lib/gcc/x86_64-linux-gnu/6/32/crtbeginS.o
LOAD /home/aghiles/Aghiles/Program/boards/riot/gcoap/bin/native/cpu/startup.o
START GROUP
LOAD /home/aghiles/Aghiles/Program/boards/riot/gcoap/bin/native/application_gcoap_example.a
LOAD /home/aghiles/Aghiles/Program/boards/riot/gcoap/bin/native/auto_init.a
LOAD /home/aghiles/Aghiles/Program/boards/riot/gcoap/bin/native/auto_init_gnrc_netif.a
LOAD /home/aghiles/Aghiles/Program/boards/riot/gcoap/bin/native/board.a
LOAD /home/aghiles/Aghiles/Program/boards/riot/gcoap/bin/native/core.a
LOAD /home/aghiles/Aghiles/Program/boards/riot/gcoap/bin/native/cpu.a
LOAD /home/aghiles/Aghiles/Program/boards/riot/gcoap/bin/native/div.a
LOAD /home/aghiles/Aghiles/Program/boards/riot/gcoap/bin/native/evtimer.a
LOAD /home/aghiles/Aghiles/Program/boards/riot/gcoap/bin/native/fmt.a
LOAD /home/aghiles/Aghiles/Program/boards/riot/gcoap/bin/native/gcoap.a
LOAD /home/aghiles/Aghiles/Program/boards/riot/gcoap/bin/native/gnrc.a
LOAD /home/aghiles/Aghiles/Program/boards/riot/gcoap/bin/native/gnrc_icmpv6.a
LOAD /home/aghiles/Aghiles/Program/boards/riot/gcoap/bin/native/gnrc_icmpv6_echo.a
LOAD /home/aghiles/Aghiles/Program/boards/riot/gcoap/bin/native/gnrc_ipv6.a
LOAD /home/aghiles/Aghiles/Program/boards/riot/gcoap/bin/native/gnrc_ipv6_hdr.a
LOAD /home/aghiles/Aghiles/Program/boards/riot/gcoap/bin/native/gnrc_ipv6_nib.a
LOAD /home/aghiles/Aghiles/Program/boards/riot/gcoap/bin/native/gnrc_ndp.a
LOAD /home/aghiles/Aghiles/Program/boards/riot/gcoap/bin/native/gnrc_netapi.a
LOAD /home/aghiles/Aghiles/Program/boards/riot/gcoap/bin/native/gnrc_netif.a
LOAD /home/aghiles/Aghiles/Program/boards/riot/gcoap/bin/native/gnrc_netif_ethernet.a
LOAD /home/aghiles/Aghiles/Program/boards/riot/gcoap/bin/native/gnrc_netif_hdr.a
LOAD /home/aghiles/Aghiles/Program/boards/riot/gcoap/bin/native/gnrc_netreg.a
LOAD /home/aghiles/Aghiles/Program/boards/riot/gcoap/bin/native/gnrc_pkt.a
LOAD /home/aghiles/Aghiles/Program/boards/riot/gcoap/bin/native/gnrc_pktbuf.a
LOAD /home/aghiles/Aghiles/Program/boards/riot/gcoap/bin/native/gnrc_pktbuf_static.a
LOAD /home/aghiles/Aghiles/Program/boards/riot/gcoap/bin/native/gnrc_sock.a
LOAD /home/aghiles/Aghiles/Program/boards/riot/gcoap/bin/native/gnrc_sock_udp.a
LOAD /home/aghiles/Aghiles/Program/boards/riot/gcoap/bin/native/gnrc_udp.a
LOAD /home/aghiles/Aghiles/Program/boards/riot/gcoap/bin/native/icmpv6.a
LOAD /home/aghiles/Aghiles/Program/boards/riot/gcoap/bin/native/inet_csum.a
LOAD /home/aghiles/Aghiles/Program/boards/riot/gcoap/bin/native/iolist.a
LOAD /home/aghiles/Aghiles/Program/boards/riot/gcoap/bin/native/ipv6_addr.a
LOAD /home/aghiles/Aghiles/Program/boards/riot/gcoap/bin/native/ipv6_hdr.a
LOAD /home/aghiles/Aghiles/Program/boards/riot/gcoap/bin/native/luid.a
LOAD /home/aghiles/Aghiles/Program/boards/riot/gcoap/bin/native/nanocoap.a
LOAD /home/aghiles/Aghiles/Program/boards/riot/gcoap/bin/native/native-drivers.a
LOAD /home/aghiles/Aghiles/Program/boards/riot/gcoap/bin/native/netdev_eth.a
LOAD /home/aghiles/Aghiles/Program/boards/riot/gcoap/bin/native/netdev_tap.a
LOAD /home/aghiles/Aghiles/Program/boards/riot/gcoap/bin/native/od.a
LOAD /home/aghiles/Aghiles/Program/boards/riot/gcoap/bin/native/periph.a
LOAD /home/aghiles/Aghiles/Program/boards/riot/gcoap/bin/native/posix.a
LOAD /home/aghiles/Aghiles/Program/boards/riot/gcoap/bin/native/ps.a
LOAD /home/aghiles/Aghiles/Program/boards/riot/gcoap/bin/native/random.a
LOAD /home/aghiles/Aghiles/Program/boards/riot/gcoap/bin/native/shell.a
LOAD /home/aghiles/Aghiles/Program/boards/riot/gcoap/bin/native/shell_commands.a
LOAD /home/aghiles/Aghiles/Program/boards/riot/gcoap/bin/native/sock_util.a
LOAD /home/aghiles/Aghiles/Program/boards/riot/gcoap/bin/native/sys.a
LOAD /home/aghiles/Aghiles/Program/boards/riot/gcoap/bin/native/tinymt32.a
LOAD /home/aghiles/Aghiles/Program/boards/riot/gcoap/bin/native/udp.a
LOAD /home/aghiles/Aghiles/Program/boards/riot/gcoap/bin/native/xtimer.a
LOAD /home/aghiles/Aghiles/Program/boards/riot/gcoap/bin/native/periph_common.a
LOAD /usr/lib/gcc/x86_64-linux-gnu/6/../../../../lib32/libm.so
END GROUP
LOAD /usr/lib/gcc/x86_64-linux-gnu/6/../../../../lib32/libdl.so
LOAD /usr/lib/gcc/x86_64-linux-gnu/6/32/libgcc.a
LOAD /usr/lib/gcc/x86_64-linux-gnu/6/32/libgcc_s.so
START GROUP
LOAD /usr/lib/gcc/x86_64-linux-gnu/6/32/libgcc_s.so.1
LOAD /usr/lib/gcc/x86_64-linux-gnu/6/32/libgcc.a
END GROUP
LOAD /usr/lib/gcc/x86_64-linux-gnu/6/../../../../lib32/libc.so
START GROUP
LOAD /lib32/libc.so.6
LOAD /usr/lib32/libc_nonshared.a
LOAD /lib32/ld-linux.so.2
END GROUP
LOAD /usr/lib/gcc/x86_64-linux-gnu/6/32/libgcc.a
LOAD /usr/lib/gcc/x86_64-linux-gnu/6/32/libgcc_s.so
START GROUP
LOAD /usr/lib/gcc/x86_64-linux-gnu/6/32/libgcc_s.so.1
LOAD /usr/lib/gcc/x86_64-linux-gnu/6/32/libgcc.a
END GROUP
LOAD /usr/lib/gcc/x86_64-linux-gnu/6/32/crtendS.o
LOAD /usr/lib/gcc/x86_64-linux-gnu/6/../../../../lib32/crtn.o
                [!provide]                        PROVIDE (__executable_start, SEGMENT_START ("text-segment", 0x0))
                0x0000000000000154                . = (SEGMENT_START ("text-segment", 0x0) + SIZEOF_HEADERS)

.interp         0x0000000000000154       0x13
 *(.interp)
 .interp        0x0000000000000154       0x13 /usr/lib/gcc/x86_64-linux-gnu/6/../../../../lib32/Scrt1.o

.note.ABI-tag   0x0000000000000168       0x20
 .note.ABI-tag  0x0000000000000168       0x20 /usr/lib/gcc/x86_64-linux-gnu/6/../../../../lib32/Scrt1.o

.note.gnu.build-id
                0x0000000000000188       0x24
 *(.note.gnu.build-id)
 .note.gnu.build-id
                0x0000000000000188       0x24 /usr/lib/gcc/x86_64-linux-gnu/6/../../../../lib32/Scrt1.o

.hash
 *(.hash)

.gnu.hash       0x00000000000001ac       0xc0
 *(.gnu.hash)
 .gnu.hash      0x00000000000001ac       0xc0 /usr/lib/gcc/x86_64-linux-gnu/6/../../../../lib32/Scrt1.o

.dynsym         0x000000000000026c      0x430
 *(.dynsym)
 .dynsym        0x000000000000026c      0x430 /usr/lib/gcc/x86_64-linux-gnu/6/../../../../lib32/Scrt1.o

.dynstr         0x000000000000069c      0x286
 *(.dynstr)
 .dynstr        0x000000000000069c      0x286 /usr/lib/gcc/x86_64-linux-gnu/6/../../../../lib32/Scrt1.o

.gnu.version    0x0000000000000922       0x86
 *(.gnu.version)
 .gnu.version   0x0000000000000922       0x86 /usr/lib/gcc/x86_64-linux-gnu/6/../../../../lib32/Scrt1.o

.gnu.version_d  0x00000000000009a8        0x0
 *(.gnu.version_d)
 .gnu.version_d
                0x00000000000009a8        0x0 /usr/lib/gcc/x86_64-linux-gnu/6/../../../../lib32/Scrt1.o

.gnu.version_r  0x00000000000009a8       0x70
 *(.gnu.version_r)
 .gnu.version_r
                0x00000000000009a8       0x70 /usr/lib/gcc/x86_64-linux-gnu/6/../../../../lib32/Scrt1.o

.rel.dyn        0x0000000000000a18      0x3d8
 *(.rel.init)
 *(.rel.text .rel.text.* .rel.gnu.linkonce.t.*)
 .rel.text.core_panic
                0x0000000000000a18        0x0 /usr/lib/gcc/x86_64-linux-gnu/6/../../../../lib32/Scrt1.o
 .rel.text      0x0000000000000a18       0x38 /usr/lib/gcc/x86_64-linux-gnu/6/../../../../lib32/Scrt1.o
 *(.rel.fini)
 *(.rel.rodata .rel.rodata.* .rel.gnu.linkonce.r.*)
 *(.rel.data.rel.ro .rel.data.rel.ro.* .rel.gnu.linkonce.d.rel.ro.*)
 .rel.data.rel.ro
                0x0000000000000a50        0x0 /usr/lib/gcc/x86_64-linux-gnu/6/../../../../lib32/Scrt1.o
 .rel.data.rel.ro.local.long_opts
                0x0000000000000a50       0x40 /usr/lib/gcc/x86_64-linux-gnu/6/../../../../lib32/Scrt1.o
 .rel.data.rel.ro.shell_commands
                0x0000000000000a90       0x18 /usr/lib/gcc/x86_64-linux-gnu/6/../../../../lib32/Scrt1.o
 .rel.data.rel.ro.local._resources
                0x0000000000000aa8       0x20 /usr/lib/gcc/x86_64-linux-gnu/6/../../../../lib32/Scrt1.o
 .rel.data.rel.ro.local._default_resources
                0x0000000000000ac8       0x10 /usr/lib/gcc/x86_64-linux-gnu/6/../../../../lib32/Scrt1.o
 .rel.data.rel.ro._shell_command_list
                0x0000000000000ad8       0xa8 /usr/lib/gcc/x86_64-linux-gnu/6/../../../../lib32/Scrt1.o
 .rel.data.rel.ro.local.flag_cmds
                0x0000000000000b80       0x88 /usr/lib/gcc/x86_64-linux-gnu/6/../../../../lib32/Scrt1.o
 .rel.data.rel.ro.ethernet_ops
                0x0000000000000c08       0x20 /usr/lib/gcc/x86_64-linux-gnu/6/../../../../lib32/Scrt1.o
 .rel.data.rel.ro.local.netdev_driver_tap
                0x0000000000000c28       0x30 /usr/lib/gcc/x86_64-linux-gnu/6/../../../../lib32/Scrt1.o
 *(.rel.data .rel.data.* .rel.gnu.linkonce.d.*)
 .rel.data.rel.local
                0x0000000000000c58        0x8 /usr/lib/gcc/x86_64-linux-gnu/6/../../../../lib32/Scrt1.o
 .rel.data.rel.local._listener
                0x0000000000000c60        0x8 /usr/lib/gcc/x86_64-linux-gnu/6/../../../../lib32/Scrt1.o
 .rel.data.rel.local.main_name
                0x0000000000000c68        0x8 /usr/lib/gcc/x86_64-linux-gnu/6/../../../../lib32/Scrt1.o
 .rel.data.rel.local.idle_name
                0x0000000000000c70        0x8 /usr/lib/gcc/x86_64-linux-gnu/6/../../../../lib32/Scrt1.o
 .rel.data.rel.local._default_listener
                0x0000000000000c78        0x8 /usr/lib/gcc/x86_64-linux-gnu/6/../../../../lib32/Scrt1.o
 .rel.data.rel.local._coap_state
                0x0000000000000c80        0x8 /usr/lib/gcc/x86_64-linux-gnu/6/../../../../lib32/Scrt1.o
 .rel.data.rel.local.state_names
                0x0000000000000c88       0x58 /usr/lib/gcc/x86_64-linux-gnu/6/../../../../lib32/Scrt1.o
 .rel.data.rel.local.INCORRECT_QUOTING.2583
                0x0000000000000ce0        0x8 /usr/lib/gcc/x86_64-linux-gnu/6/../../../../lib32/Scrt1.o
 .rel.data.rel.local._netopt_state_str
                0x0000000000000ce8       0x38 /usr/lib/gcc/x86_64-linux-gnu/6/../../../../lib32/Scrt1.o
 .rel.data.rel.local._netopt_bandwidth_str
                0x0000000000000d20       0x18 /usr/lib/gcc/x86_64-linux-gnu/6/../../../../lib32/Scrt1.o
 .rel.data.rel.local._netopt_coding_rate_str
                0x0000000000000d38       0x20 /usr/lib/gcc/x86_64-linux-gnu/6/../../../../lib32/Scrt1.o
 .rel.data.rel.local._nud_str
                0x0000000000000d58       0x38 /usr/lib/gcc/x86_64-linux-gnu/6/../../../../lib32/Scrt1.o
 *(.rel.tdata .rel.tdata.* .rel.gnu.linkonce.td.*)
 *(.rel.tbss .rel.tbss.* .rel.gnu.linkonce.tb.*)
 *(.rel.ctors)
 *(.rel.dtors)
 *(.rel.got)
 .rel.got       0x0000000000000d90       0x48 /usr/lib/gcc/x86_64-linux-gnu/6/../../../../lib32/Scrt1.o
 *(.rel.bss .rel.bss.* .rel.gnu.linkonce.b.*)
 .rel.bss       0x0000000000000dd8        0x0 /usr/lib/gcc/x86_64-linux-gnu/6/../../../../lib32/Scrt1.o
 *(.rel.ifunc)
 .rel.fini_array
                0x0000000000000dd8        0x8 /usr/lib/gcc/x86_64-linux-gnu/6/../../../../lib32/Scrt1.o
 .rel.init_array
                0x0000000000000de0       0x10 /usr/lib/gcc/x86_64-linux-gnu/6/../../../../lib32/Scrt1.o

.rel.plt        0x0000000000000df0      0x118
 *(.rel.plt)
 .rel.plt       0x0000000000000df0      0x118 /usr/lib/gcc/x86_64-linux-gnu/6/../../../../lib32/Scrt1.o
                [!provide]                        PROVIDE (__rel_iplt_start, .)
 *(.rel.iplt)
                [!provide]                        PROVIDE (__rel_iplt_end, .)

.init           0x0000000000000f08       0x23
 *(SORT(.init))
 .init          0x0000000000000f08       0x1e /usr/lib/gcc/x86_64-linux-gnu/6/../../../../lib32/crti.o
                0x0000000000000f08                _init
 .init          0x0000000000000f26        0x5 /usr/lib/gcc/x86_64-linux-gnu/6/../../../../lib32/crtn.o

.plt            0x0000000000000f30      0x240
 *(.plt)
 .plt           0x0000000000000f30      0x240 /usr/lib/gcc/x86_64-linux-gnu/6/../../../../lib32/Scrt1.o
 *(.iplt)

.plt.got        0x0000000000001170       0x10
 *(.plt.got)
 .plt.got       0x0000000000001170       0x10 /usr/lib/gcc/x86_64-linux-gnu/6/../../../../lib32/Scrt1.o

.text           0x0000000000001180    0x25744
 *(.text.unlikely .text.*_unlikely .text.unlikely.*)
 *(.text.exit .text.exit.*)
 *(.text.startup .text.startup.*)
 .text.startup  0x0000000000001180      0x38a /home/aghiles/Aghiles/Program/boards/riot/gcoap/bin/native/cpu/startup.o
 *(.text.hot .text.hot.*)
 *(.text .stub .text.* .gnu.linkonce.t.*)
 .text          0x000000000000150a       0x36 /usr/lib/gcc/x86_64-linux-gnu/6/../../../../lib32/Scrt1.o
                0x000000000000150a                _start
 .gnu.linkonce.t.__x86.get_pc_thunk.bx
                0x0000000000001540        0x4 /usr/lib/gcc/x86_64-linux-gnu/6/../../../../lib32/crti.o
                0x0000000000001540                __x86.get_pc_thunk.bx
 *fill*         0x0000000000001544        0xc 
 .text          0x0000000000001550      0x11c /usr/lib/gcc/x86_64-linux-gnu/6/32/crtbeginS.o
 .text.__x86.get_pc_thunk.dx
                0x000000000000166c        0x4 /usr/lib/gcc/x86_64-linux-gnu/6/32/crtbeginS.o
                0x000000000000166c                __x86.get_pc_thunk.dx
 .text._native_input
                0x0000000000001670       0x9c /home/aghiles/Aghiles/Program/boards/riot/gcoap/bin/native/cpu/startup.o
                0x0000000000001670                _native_input
 .text._native_log_output
                0x000000000000170c      0x162 /home/aghiles/Aghiles/Program/boards/riot/gcoap/bin/native/cpu/startup.o
                0x000000000000170c                _native_log_output
 .text.daemonize
                0x000000000000186e      0x106 /home/aghiles/Aghiles/Program/boards/riot/gcoap/bin/native/cpu/startup.o
                0x000000000000186e                daemonize
 .text.filter_daemonize_argv
                0x0000000000001974       0xba /home/aghiles/Aghiles/Program/boards/riot/gcoap/bin/native/cpu/startup.o
 .text.usage_exit
                0x0000000000001a2e       0xce /home/aghiles/Aghiles/Program/boards/riot/gcoap/bin/native/cpu/startup.o
                0x0000000000001a2e                usage_exit
 .text.main     0x0000000000001afc       0xa6 /home/aghiles/Aghiles/Program/boards/riot/gcoap/bin/native/application_gcoap_example.a(main.o)
                0x0000000000001afc                main
 .text.byteorder_swaps
                0x0000000000001ba2       0x3d /home/aghiles/Aghiles/Program/boards/riot/gcoap/bin/native/application_gcoap_example.a(gcoap_cli.o)
 .text.byteorder_ntohs
                0x0000000000001bdf       0x49 /home/aghiles/Aghiles/Program/boards/riot/gcoap/bin/native/application_gcoap_example.a(gcoap_cli.o)
 .text.ntohs    0x0000000000001c28       0x4d /home/aghiles/Aghiles/Program/boards/riot/gcoap/bin/native/application_gcoap_example.a(gcoap_cli.o)
 .text.ipv6_addr_is_multicast
                0x0000000000001c75       0x3f /home/aghiles/Aghiles/Program/boards/riot/gcoap/bin/native/application_gcoap_example.a(gcoap_cli.o)
 .text.ipv6_addr_is_link_local
                0x0000000000001cb4       0x89 /home/aghiles/Aghiles/Program/boards/riot/gcoap/bin/native/application_gcoap_example.a(gcoap_cli.o)
 .text.ipv6_addr_split_iface
                0x0000000000001d3d       0x4d /home/aghiles/Aghiles/Program/boards/riot/gcoap/bin/native/application_gcoap_example.a(gcoap_cli.o)
 .text.coap_get_code_class
                0x0000000000001d8a       0x43 /home/aghiles/Aghiles/Program/boards/riot/gcoap/bin/native/application_gcoap_example.a(gcoap_cli.o)
 .text.coap_get_code_detail
                0x0000000000001dcd       0x43 /home/aghiles/Aghiles/Program/boards/riot/gcoap/bin/native/application_gcoap_example.a(gcoap_cli.o)
 .text.coap_get_id
                0x0000000000001e10       0x4f /home/aghiles/Aghiles/Program/boards/riot/gcoap/bin/native/application_gcoap_example.a(gcoap_cli.o)
 .text.coap_hdr_set_type
                0x0000000000001e5f       0x83 /home/aghiles/Aghiles/Program/boards/riot/gcoap/bin/native/application_gcoap_example.a(gcoap_cli.o)
 .text.coap_method2flag
                0x0000000000001ee2       0x45 /home/aghiles/Aghiles/Program/boards/riot/gcoap/bin/native/application_gcoap_example.a(gcoap_cli.o)
 .text.gcoap_response
                0x0000000000001f27       0x7f /home/aghiles/Aghiles/Program/boards/riot/gcoap/bin/native/application_gcoap_example.a(gcoap_cli.o)
 .text._resp_handler
                0x0000000000001fa6      0x1b8 /home/aghiles/Aghiles/Program/boards/riot/gcoap/bin/native/application_gcoap_example.a(gcoap_cli.o)
 .text._stats_handler
                0x000000000000215e      0x14c /home/aghiles/Aghiles/Program/boards/riot/gcoap/bin/native/application_gcoap_example.a(gcoap_cli.o)
 .text._riot_board_handler
                0x00000000000022aa       0xc2 /home/aghiles/Aghiles/Program/boards/riot/gcoap/bin/native/application_gcoap_example.a(gcoap_cli.o)
 .text._send    0x000000000000236c      0x1d0 /home/aghiles/Aghiles/Program/boards/riot/gcoap/bin/native/application_gcoap_example.a(gcoap_cli.o)
 .text.gcoap_cli_cmd
                0x000000000000253c      0x525 /home/aghiles/Aghiles/Program/boards/riot/gcoap/bin/native/application_gcoap_example.a(gcoap_cli.o)
                0x000000000000253c                gcoap_cli_cmd
 .text.gcoap_cli_init
                0x0000000000002a61       0x48 /home/aghiles/Aghiles/Program/boards/riot/gcoap/bin/native/application_gcoap_example.a(gcoap_cli.o)
                0x0000000000002a61                gcoap_cli_init
 .text.__x86.get_pc_thunk.ax
                0x0000000000002aa9        0x4 /home/aghiles/Aghiles/Program/boards/riot/gcoap/bin/native/application_gcoap_example.a(gcoap_cli.o)
                0x0000000000002aa9                __x86.get_pc_thunk.ax
 .text.board_init
                0x0000000000002aad       0x50 /home/aghiles/Aghiles/Program/boards/riot/gcoap/bin/native/board.a(board_init.o)
                0x0000000000002aad                board_init
 .text.main_trampoline
                0x0000000000002afd       0x5a /home/aghiles/Aghiles/Program/boards/riot/gcoap/bin/native/core.a(kernel_init.o)
 .text.idle_thread
                0x0000000000002b57       0x2a /home/aghiles/Aghiles/Program/boards/riot/gcoap/bin/native/core.a(kernel_init.o)
 .text.kernel_init
                0x0000000000002b81       0x7d /home/aghiles/Aghiles/Program/boards/riot/gcoap/bin/native/core.a(kernel_init.o)
                0x0000000000002b81                kernel_init
 .text._assert_failure
                0x0000000000002bfe       0x52 /home/aghiles/Aghiles/Program/boards/riot/gcoap/bin/native/core.a(assert.o)
                0x0000000000002bfe                _assert_failure
 .text.clist_lpoprpush
                0x0000000000002c50       0x4a /home/aghiles/Aghiles/Program/boards/riot/gcoap/bin/native/core.a(thread.o)
 .text.cib_init
                0x0000000000002c9a       0x8b /home/aghiles/Aghiles/Program/boards/riot/gcoap/bin/native/core.a(thread.o)
 .text.thread_yield
                0x0000000000002d25       0x8a /home/aghiles/Aghiles/Program/boards/riot/gcoap/bin/native/core.a(thread.o)
                0x0000000000002d25                thread_yield
 .text.thread_add_to_list
                0x0000000000002daf       0xbf /home/aghiles/Aghiles/Program/boards/riot/gcoap/bin/native/core.a(thread.o)
                0x0000000000002daf                thread_add_to_list
 .text.thread_measure_stack_free
                0x0000000000002e6e       0x5c /home/aghiles/Aghiles/Program/boards/riot/gcoap/bin/native/core.a(thread.o)
                0x0000000000002e6e                thread_measure_stack_free
 .text.thread_create
                0x0000000000002eca      0x272 /home/aghiles/Aghiles/Program/boards/riot/gcoap/bin/native/core.a(thread.o)
                0x0000000000002eca                thread_create
 .text.pid_is_valid
                0x000000000000313c       0x4f /home/aghiles/Aghiles/Program/boards/riot/gcoap/bin/native/core.a(msg.o)
 .text.list_remove_head
                0x000000000000318b       0x4f /home/aghiles/Aghiles/Program/boards/riot/gcoap/bin/native/core.a(msg.o)
 .text.cib_init
                0x00000000000031da       0x8b /home/aghiles/Aghiles/Program/boards/riot/gcoap/bin/native/core.a(msg.o)
 .text.cib_avail
                0x0000000000003265       0x43 /home/aghiles/Aghiles/Program/boards/riot/gcoap/bin/native/core.a(msg.o)
 .text.cib_get  0x00000000000032a8       0x62 /home/aghiles/Aghiles/Program/boards/riot/gcoap/bin/native/core.a(msg.o)
 .text.cib_put  0x000000000000330a       0x72 /home/aghiles/Aghiles/Program/boards/riot/gcoap/bin/native/core.a(msg.o)
 .text.thread_has_msg_queue
                0x000000000000337c       0x42 /home/aghiles/Aghiles/Program/boards/riot/gcoap/bin/native/core.a(msg.o)
 .text.queue_msg
                0x00000000000033be       0x82 /home/aghiles/Aghiles/Program/boards/riot/gcoap/bin/native/core.a(msg.o)
 .text.msg_send
                0x0000000000003440       0x97 /home/aghiles/Aghiles/Program/boards/riot/gcoap/bin/native/core.a(msg.o)
                0x0000000000003440                msg_send
 .text.msg_try_send
                0x00000000000034d7       0x97 /home/aghiles/Aghiles/Program/boards/riot/gcoap/bin/native/core.a(msg.o)
                0x00000000000034d7                msg_try_send
 .text._msg_send
                0x000000000000356e      0x1b4 /home/aghiles/Aghiles/Program/boards/riot/gcoap/bin/native/core.a(msg.o)
 .text.msg_send_to_self
                0x0000000000003722       0x7b /home/aghiles/Aghiles/Program/boards/riot/gcoap/bin/native/core.a(msg.o)
                0x0000000000003722                msg_send_to_self
 .text.msg_send_int
                0x000000000000379d       0xcd /home/aghiles/Aghiles/Program/boards/riot/gcoap/bin/native/core.a(msg.o)
                0x000000000000379d                msg_send_int
 .text.msg_send_receive
                0x000000000000386a       0xc7 /home/aghiles/Aghiles/Program/boards/riot/gcoap/bin/native/core.a(msg.o)
                0x000000000000386a                msg_send_receive
 .text.msg_reply
                0x0000000000003931       0xf0 /home/aghiles/Aghiles/Program/boards/riot/gcoap/bin/native/core.a(msg.o)
                0x0000000000003931                msg_reply
 .text.msg_try_receive
                0x0000000000003a21       0x44 /home/aghiles/Aghiles/Program/boards/riot/gcoap/bin/native/core.a(msg.o)
                0x0000000000003a21                msg_try_receive
 .text.msg_receive
                0x0000000000003a65       0x44 /home/aghiles/Aghiles/Program/boards/riot/gcoap/bin/native/core.a(msg.o)
                0x0000000000003a65                msg_receive
 .text._msg_receive
                0x0000000000003aa9      0x21b /home/aghiles/Aghiles/Program/boards/riot/gcoap/bin/native/core.a(msg.o)
 .text.msg_init_queue
                0x0000000000003cc4       0x66 /home/aghiles/Aghiles/Program/boards/riot/gcoap/bin/native/core.a(msg.o)
                0x0000000000003cc4                msg_init_queue
 .text.panic_arch
                0x0000000000003d2a       0x2f /home/aghiles/Aghiles/Program/boards/riot/gcoap/bin/native/core.a(panic.o)
                0x0000000000003d2a                panic_arch
 .text.core_panic
                0x0000000000003d59       0xa1 /home/aghiles/Aghiles/Program/boards/riot/gcoap/bin/native/core.a(panic.o)
                0x0000000000003d59                core_panic
 .text.bitarithm_lsb
                0x0000000000003dfa       0x51 /home/aghiles/Aghiles/Program/boards/riot/gcoap/bin/native/core.a(sched.o)
 .text.clist_rpush
                0x0000000000003e4b       0x6c /home/aghiles/Aghiles/Program/boards/riot/gcoap/bin/native/core.a(sched.o)
 .text.clist_lpop
                0x0000000000003eb7       0x72 /home/aghiles/Aghiles/Program/boards/riot/gcoap/bin/native/core.a(sched.o)
 .text.sched_run
                0x0000000000003f29       0xbd /home/aghiles/Aghiles/Program/boards/riot/gcoap/bin/native/core.a(sched.o)
                0x0000000000003f29                sched_run
 .text.sched_set_status
                0x0000000000003fe6      0x11f /home/aghiles/Aghiles/Program/boards/riot/gcoap/bin/native/core.a(sched.o)
                0x0000000000003fe6                sched_set_status
 .text.sched_switch
                0x0000000000004105       0x90 /home/aghiles/Aghiles/Program/boards/riot/gcoap/bin/native/core.a(sched.o)
                0x0000000000004105                sched_switch
 .text.sched_task_exit
                0x0000000000004195       0x67 /home/aghiles/Aghiles/Program/boards/riot/gcoap/bin/native/core.a(sched.o)
                0x0000000000004195                sched_task_exit
 .text._native_syscall_enter
                0x00000000000041fc       0x43 /home/aghiles/Aghiles/Program/boards/riot/gcoap/bin/native/cpu.a(syscalls.o)
                0x00000000000041fc                _native_syscall_enter
 .text._native_syscall_leave
                0x000000000000423f      0x137 /home/aghiles/Aghiles/Program/boards/riot/gcoap/bin/native/cpu.a(syscalls.o)
                0x000000000000423f                _native_syscall_leave
 .text.malloc   0x0000000000004376       0xa8 /home/aghiles/Aghiles/Program/boards/riot/gcoap/bin/native/cpu.a(syscalls.o)
                0x0000000000004376                malloc
 .text.free     0x000000000000441e       0x55 /home/aghiles/Aghiles/Program/boards/riot/gcoap/bin/native/cpu.a(syscalls.o)
                0x000000000000441e                free
 .text.calloc   0x0000000000004473       0xb1 /home/aghiles/Aghiles/Program/boards/riot/gcoap/bin/native/cpu.a(syscalls.o)
                0x0000000000004473                calloc
 .text.realloc  0x0000000000004524       0x63 /home/aghiles/Aghiles/Program/boards/riot/gcoap/bin/native/cpu.a(syscalls.o)
                0x0000000000004524                realloc
 .text._native_write
                0x0000000000004587       0x6c /home/aghiles/Aghiles/Program/boards/riot/gcoap/bin/native/cpu.a(syscalls.o)
                0x0000000000004587                _native_write
 .text._native_writev
                0x00000000000045f3       0x6c /home/aghiles/Aghiles/Program/boards/riot/gcoap/bin/native/cpu.a(syscalls.o)
                0x00000000000045f3                _native_writev
 .text.putchar  0x000000000000465f       0x4c /home/aghiles/Aghiles/Program/boards/riot/gcoap/bin/native/cpu.a(syscalls.o)
                0x000000000000465f                putchar
 .text.puts     0x00000000000046ab       0x6d /home/aghiles/Aghiles/Program/boards/riot/gcoap/bin/native/cpu.a(syscalls.o)
                0x00000000000046ab                puts
 .text.make_message
                0x0000000000004718       0xd8 /home/aghiles/Aghiles/Program/boards/riot/gcoap/bin/native/cpu.a(syscalls.o)
                0x0000000000004718                make_message
 .text.printf   0x00000000000047f0       0x5c /home/aghiles/Aghiles/Program/boards/riot/gcoap/bin/native/cpu.a(syscalls.o)
                0x00000000000047f0                printf
 .text.vprintf  0x000000000000484c       0x55 /home/aghiles/Aghiles/Program/boards/riot/gcoap/bin/native/cpu.a(syscalls.o)
                0x000000000000484c                vprintf
 .text.fprintf  0x00000000000048a1       0x5b /home/aghiles/Aghiles/Program/boards/riot/gcoap/bin/native/cpu.a(syscalls.o)
                0x00000000000048a1                fprintf
 .text.vfprintf
                0x00000000000048fc       0xb5 /home/aghiles/Aghiles/Program/boards/riot/gcoap/bin/native/cpu.a(syscalls.o)
                0x00000000000048fc                vfprintf
 .text.vwarn    0x00000000000049b1      0x14e /home/aghiles/Aghiles/Program/boards/riot/gcoap/bin/native/cpu.a(syscalls.o)
                0x00000000000049b1                vwarn
 .text.vwarnx   0x0000000000004aff      0x103 /home/aghiles/Aghiles/Program/boards/riot/gcoap/bin/native/cpu.a(syscalls.o)
                0x0000000000004aff                vwarnx
 .text.verr     0x0000000000004c02       0x4e /home/aghiles/Aghiles/Program/boards/riot/gcoap/bin/native/cpu.a(syscalls.o)
                0x0000000000004c02                verr
 .text.verrx    0x0000000000004c50       0x4e /home/aghiles/Aghiles/Program/boards/riot/gcoap/bin/native/cpu.a(syscalls.o)
                0x0000000000004c50                verrx
 .text.warn     0x0000000000004c9e       0x4d /home/aghiles/Aghiles/Program/boards/riot/gcoap/bin/native/cpu.a(syscalls.o)
                0x0000000000004c9e                warn
 .text.warnx    0x0000000000004ceb       0x4d /home/aghiles/Aghiles/Program/boards/riot/gcoap/bin/native/cpu.a(syscalls.o)
                0x0000000000004ceb                warnx
 .text.err      0x0000000000004d38       0x3f /home/aghiles/Aghiles/Program/boards/riot/gcoap/bin/native/cpu.a(syscalls.o)
                0x0000000000004d38                err
 .text.errx     0x0000000000004d77       0x3f /home/aghiles/Aghiles/Program/boards/riot/gcoap/bin/native/cpu.a(syscalls.o)
                0x0000000000004d77                errx
 .text.getpid   0x0000000000004db6       0x46 /home/aghiles/Aghiles/Program/boards/riot/gcoap/bin/native/cpu.a(syscalls.o)
                0x0000000000004db6                getpid
 .text._native_init_syscalls
                0x0000000000004dfc      0x5af /home/aghiles/Aghiles/Program/boards/riot/gcoap/bin/native/cpu.a(syscalls.o)
                0x0000000000004dfc                _native_init_syscalls
 .text.thread_isr_stack_pointer
                0x00000000000053ab       0x35 /home/aghiles/Aghiles/Program/boards/riot/gcoap/bin/native/cpu.a(irq_cpu.o)
                0x00000000000053ab                thread_isr_stack_pointer
 .text.thread_isr_stack_start
                0x00000000000053e0       0x35 /home/aghiles/Aghiles/Program/boards/riot/gcoap/bin/native/cpu.a(irq_cpu.o)
                0x00000000000053e0                thread_isr_stack_start
 .text.irq_disable
                0x0000000000005415       0x85 /home/aghiles/Aghiles/Program/boards/riot/gcoap/bin/native/cpu.a(irq_cpu.o)
                0x0000000000005415                irq_disable
 .text.irq_enable
                0x000000000000549a       0xa5 /home/aghiles/Aghiles/Program/boards/riot/gcoap/bin/native/cpu.a(irq_cpu.o)
                0x000000000000549a                irq_enable
 .text.irq_restore
                0x000000000000553f       0x47 /home/aghiles/Aghiles/Program/boards/riot/gcoap/bin/native/cpu.a(irq_cpu.o)
                0x000000000000553f                irq_restore
 .text.irq_is_in
                0x0000000000005586       0x35 /home/aghiles/Aghiles/Program/boards/riot/gcoap/bin/native/cpu.a(irq_cpu.o)
                0x0000000000005586                irq_is_in
 .text._native_popsig
                0x00000000000055bb       0x9f /home/aghiles/Aghiles/Program/boards/riot/gcoap/bin/native/cpu.a(irq_cpu.o)
                0x00000000000055bb                _native_popsig
 .text.native_irq_handler
                0x000000000000565a       0x8f /home/aghiles/Aghiles/Program/boards/riot/gcoap/bin/native/cpu.a(irq_cpu.o)
                0x000000000000565a                native_irq_handler
 .text.isr_set_sigmask
                0x00000000000056e9       0x60 /home/aghiles/Aghiles/Program/boards/riot/gcoap/bin/native/cpu.a(irq_cpu.o)
                0x00000000000056e9                isr_set_sigmask
 .text.native_isr_entry
                0x0000000000005749      0x18f /home/aghiles/Aghiles/Program/boards/riot/gcoap/bin/native/cpu.a(irq_cpu.o)
                0x0000000000005749                native_isr_entry
 .text.set_signal_handler
                0x00000000000058d8      0x15d /home/aghiles/Aghiles/Program/boards/riot/gcoap/bin/native/cpu.a(irq_cpu.o)
                0x00000000000058d8                set_signal_handler
 .text.register_interrupt
                0x0000000000005a35       0x77 /home/aghiles/Aghiles/Program/boards/riot/gcoap/bin/native/cpu.a(irq_cpu.o)
                0x0000000000005a35                register_interrupt
 .text.unregister_interrupt
                0x0000000000005aac       0x72 /home/aghiles/Aghiles/Program/boards/riot/gcoap/bin/native/cpu.a(irq_cpu.o)
                0x0000000000005aac                unregister_interrupt
 .text.native_shutdown
                0x0000000000005b1e       0x4e /home/aghiles/Aghiles/Program/boards/riot/gcoap/bin/native/cpu.a(irq_cpu.o)
 .text.native_interrupt_init
                0x0000000000005b6c      0x3fe /home/aghiles/Aghiles/Program/boards/riot/gcoap/bin/native/cpu.a(irq_cpu.o)
                0x0000000000005b6c                native_interrupt_init
 .text._native_mod_ctx_leave_sigh
                0x0000000000005f6a       0x54 /home/aghiles/Aghiles/Program/boards/riot/gcoap/bin/native/cpu.a(native_cpu.o)
 .text.thread_isr_stack_usage
                0x0000000000005fbe       0x33 /home/aghiles/Aghiles/Program/boards/riot/gcoap/bin/native/cpu.a(native_cpu.o)
                0x0000000000005fbe                thread_isr_stack_usage
 .text.thread_stack_init
                0x0000000000005ff1      0x10d /home/aghiles/Aghiles/Program/boards/riot/gcoap/bin/native/cpu.a(native_cpu.o)
                0x0000000000005ff1                thread_stack_init
 .text.isr_cpu_switch_context_exit
                0x00000000000060fe       0x97 /home/aghiles/Aghiles/Program/boards/riot/gcoap/bin/native/cpu.a(native_cpu.o)
                0x00000000000060fe                isr_cpu_switch_context_exit
 .text.cpu_switch_context_exit
                0x0000000000006195       0xd1 /home/aghiles/Aghiles/Program/boards/riot/gcoap/bin/native/cpu.a(native_cpu.o)
                0x0000000000006195                cpu_switch_context_exit
 .text.isr_thread_yield
                0x0000000000006266       0x95 /home/aghiles/Aghiles/Program/boards/riot/gcoap/bin/native/cpu.a(native_cpu.o)
                0x0000000000006266                isr_thread_yield
 .text.thread_yield_higher
                0x00000000000062fb      0x100 /home/aghiles/Aghiles/Program/boards/riot/gcoap/bin/native/cpu.a(native_cpu.o)
                0x00000000000062fb                thread_yield_higher
 .text.native_cpu_init
                0x00000000000063fb       0xb1 /home/aghiles/Aghiles/Program/boards/riot/gcoap/bin/native/cpu.a(native_cpu.o)
                0x00000000000063fb                native_cpu_init
 .text          0x00000000000064ac       0x3f /home/aghiles/Aghiles/Program/boards/riot/gcoap/bin/native/cpu.a(tramp.o)
                0x00000000000064ac                _native_sig_leave_tramp
                0x00000000000064da                _native_sig_leave_handler
 .text.fmt_byte_hex
                0x00000000000064eb       0x77 /home/aghiles/Aghiles/Program/boards/riot/gcoap/bin/native/fmt.a(fmt.o)
                0x00000000000064eb                fmt_byte_hex
 .text.fmt_strlen
                0x0000000000006562       0x54 /home/aghiles/Aghiles/Program/boards/riot/gcoap/bin/native/fmt.a(fmt.o)
                0x0000000000006562                fmt_strlen
 .text.fmt_bytes_hex_reverse
                0x00000000000065b6       0x7a /home/aghiles/Aghiles/Program/boards/riot/gcoap/bin/native/fmt.a(fmt.o)
                0x00000000000065b6                fmt_bytes_hex_reverse
 .text.fmt_u32_hex
                0x0000000000006630       0x4e /home/aghiles/Aghiles/Program/boards/riot/gcoap/bin/native/fmt.a(fmt.o)
                0x0000000000006630                fmt_u32_hex
 .text.fmt_u32_dec
                0x000000000000667e       0xcf /home/aghiles/Aghiles/Program/boards/riot/gcoap/bin/native/fmt.a(fmt.o)
                0x000000000000667e                fmt_u32_dec
 .text.fmt_u16_dec
                0x000000000000674d       0x4e /home/aghiles/Aghiles/Program/boards/riot/gcoap/bin/native/fmt.a(fmt.o)
                0x000000000000674d                fmt_u16_dec
 .text.print    0x000000000000679b       0x73 /home/aghiles/Aghiles/Program/boards/riot/gcoap/bin/native/fmt.a(fmt.o)
                0x000000000000679b                print
 .text.print_byte_hex
                0x000000000000680e       0x5a /home/aghiles/Aghiles/Program/boards/riot/gcoap/bin/native/fmt.a(fmt.o)
                0x000000000000680e                print_byte_hex
 .text.print_u32_hex
                0x0000000000006868       0x58 /home/aghiles/Aghiles/Program/boards/riot/gcoap/bin/native/fmt.a(fmt.o)
                0x0000000000006868                print_u32_hex
 .text.print_str
                0x00000000000068c0       0x52 /home/aghiles/Aghiles/Program/boards/riot/gcoap/bin/native/fmt.a(fmt.o)
                0x00000000000068c0                print_str
 .text.mbox_try_put
                0x0000000000006912       0x54 /home/aghiles/Aghiles/Program/boards/riot/gcoap/bin/native/gcoap.a(gcoap.o)
 .text.mutex_init
                0x0000000000006966       0x3e /home/aghiles/Aghiles/Program/boards/riot/gcoap/bin/native/gcoap.a(gcoap.o)
 .text.mutex_lock
                0x00000000000069a4       0x4c /home/aghiles/Aghiles/Program/boards/riot/gcoap/bin/native/gcoap.a(gcoap.o)
 .text._xtimer_usec_from_ticks
                0x00000000000069f0       0x37 /home/aghiles/Aghiles/Program/boards/riot/gcoap/bin/native/gcoap.a(gcoap.o)
 .text._xtimer_ticks_from_usec
                0x0000000000006a27       0x37 /home/aghiles/Aghiles/Program/boards/riot/gcoap/bin/native/gcoap.a(gcoap.o)
 .text._xtimer_lltimer_now
                0x0000000000006a5e       0x42 /home/aghiles/Aghiles/Program/boards/riot/gcoap/bin/native/gcoap.a(gcoap.o)
 .text._xtimer_now
                0x0000000000006aa0       0x33 /home/aghiles/Aghiles/Program/boards/riot/gcoap/bin/native/gcoap.a(gcoap.o)
 .text.xtimer_now
                0x0000000000006ad3       0x49 /home/aghiles/Aghiles/Program/boards/riot/gcoap/bin/native/gcoap.a(gcoap.o)
 .text.xtimer_now_usec
                0x0000000000006b1c       0x4b /home/aghiles/Aghiles/Program/boards/riot/gcoap/bin/native/gcoap.a(gcoap.o)
 .text.xtimer_set_msg
                0x0000000000006b67       0x72 /home/aghiles/Aghiles/Program/boards/riot/gcoap/bin/native/gcoap.a(gcoap.o)
 .text.xtimer_usec_from_ticks
                0x0000000000006bd9       0x43 /home/aghiles/Aghiles/Program/boards/riot/gcoap/bin/native/gcoap.a(gcoap.o)
 .text.coap_get_uri_path
                0x0000000000006c1c       0x58 /home/aghiles/Aghiles/Program/boards/riot/gcoap/bin/native/gcoap.a(gcoap.o)
 .text.coap_get_type
                0x0000000000006c74       0x45 /home/aghiles/Aghiles/Program/boards/riot/gcoap/bin/native/gcoap.a(gcoap.o)
 .text.coap_get_token_len
                0x0000000000006cb9       0x42 /home/aghiles/Aghiles/Program/boards/riot/gcoap/bin/native/gcoap.a(gcoap.o)
 .text.coap_get_code_class
                0x0000000000006cfb       0x43 /home/aghiles/Aghiles/Program/boards/riot/gcoap/bin/native/gcoap.a(gcoap.o)
 .text.coap_get_code_detail
                0x0000000000006d3e       0x43 /home/aghiles/Aghiles/Program/boards/riot/gcoap/bin/native/gcoap.a(gcoap.o)
 .text.coap_hdr_data_ptr
                0x0000000000006d81       0x3a /home/aghiles/Aghiles/Program/boards/riot/gcoap/bin/native/gcoap.a(gcoap.o)
 .text.coap_get_total_hdr_len
                0x0000000000006dbb       0x45 /home/aghiles/Aghiles/Program/boards/riot/gcoap/bin/native/gcoap.a(gcoap.o)
 .text.coap_hdr_set_code
                0x0000000000006e00       0x45 /home/aghiles/Aghiles/Program/boards/riot/gcoap/bin/native/gcoap.a(gcoap.o)
 .text.coap_hdr_set_type
                0x0000000000006e45       0x83 /home/aghiles/Aghiles/Program/boards/riot/gcoap/bin/native/gcoap.a(gcoap.o)
 .text.coap_method2flag
                0x0000000000006ec8       0x45 /home/aghiles/Aghiles/Program/boards/riot/gcoap/bin/native/gcoap.a(gcoap.o)
 .text.coap_has_observe
                0x0000000000006f0d       0x40 /home/aghiles/Aghiles/Program/boards/riot/gcoap/bin/native/gcoap.a(gcoap.o)
 .text.coap_clear_observe
                0x0000000000006f4d       0x3f /home/aghiles/Aghiles/Program/boards/riot/gcoap/bin/native/gcoap.a(gcoap.o)
 .text.coap_get_observe
                0x0000000000006f8c       0x3a /home/aghiles/Aghiles/Program/boards/riot/gcoap/bin/native/gcoap.a(gcoap.o)
 .text.gcoap_response
                0x0000000000006fc6       0x7a /home/aghiles/Aghiles/Program/boards/riot/gcoap/bin/native/gcoap.a(gcoap.o)
 .text._event_loop
                0x0000000000007040      0x1d8 /home/aghiles/Aghiles/Program/boards/riot/gcoap/bin/native/gcoap.a(gcoap.o)
 .text._listen  0x0000000000007218      0x291 /home/aghiles/Aghiles/Program/boards/riot/gcoap/bin/native/gcoap.a(gcoap.o)
 .text._handle_req
                0x00000000000074a9      0x36d /home/aghiles/Aghiles/Program/boards/riot/gcoap/bin/native/gcoap.a(gcoap.o)
 .text._find_resource
                0x0000000000007816      0x12b /home/aghiles/Aghiles/Program/boards/riot/gcoap/bin/native/gcoap.a(gcoap.o)
 .text._find_req_memo
                0x0000000000007941      0x148 /home/aghiles/Aghiles/Program/boards/riot/gcoap/bin/native/gcoap.a(gcoap.o)
 .text._expire_request
                0x0000000000007a89       0xa8 /home/aghiles/Aghiles/Program/boards/riot/gcoap/bin/native/gcoap.a(gcoap.o)
 .text._well_known_core_handler
                0x0000000000007b31       0x8f /home/aghiles/Aghiles/Program/boards/riot/gcoap/bin/native/gcoap.a(gcoap.o)
 .text._find_observer
                0x0000000000007bc0       0xe4 /home/aghiles/Aghiles/Program/boards/riot/gcoap/bin/native/gcoap.a(gcoap.o)
 .text._find_obs_memo
                0x0000000000007ca4      0x1c2 /home/aghiles/Aghiles/Program/boards/riot/gcoap/bin/native/gcoap.a(gcoap.o)
 .text._find_obs_memo_resource
                0x0000000000007e66       0xc3 /home/aghiles/Aghiles/Program/boards/riot/gcoap/bin/native/gcoap.a(gcoap.o)
 .text.gcoap_init
                0x0000000000007f29      0x10b /home/aghiles/Aghiles/Program/boards/riot/gcoap/bin/native/gcoap.a(gcoap.o)
                0x0000000000007f29                gcoap_init
 .text.gcoap_register_listener
                0x0000000000008034       0x67 /home/aghiles/Aghiles/Program/boards/riot/gcoap/bin/native/gcoap.a(gcoap.o)
                0x0000000000008034                gcoap_register_listener
 .text.gcoap_req_init
                0x000000000000809b      0x13c /home/aghiles/Aghiles/Program/boards/riot/gcoap/bin/native/gcoap.a(gcoap.o)
                0x000000000000809b                gcoap_req_init
 .text.gcoap_finish
                0x00000000000081d7      0x14b /home/aghiles/Aghiles/Program/boards/riot/gcoap/bin/native/gcoap.a(gcoap.o)
                0x00000000000081d7                gcoap_finish
 .text.gcoap_req_send2
                0x0000000000008322      0x321 /home/aghiles/Aghiles/Program/boards/riot/gcoap/bin/native/gcoap.a(gcoap.o)
                0x0000000000008322                gcoap_req_send2
 .text.gcoap_resp_init
                0x0000000000008643      0x10f /home/aghiles/Aghiles/Program/boards/riot/gcoap/bin/native/gcoap.a(gcoap.o)
                0x0000000000008643                gcoap_resp_init
 .text.gcoap_obs_init
                0x0000000000008752      0x119 /home/aghiles/Aghiles/Program/boards/riot/gcoap/bin/native/gcoap.a(gcoap.o)
                0x0000000000008752                gcoap_obs_init
 .text.gcoap_obs_send
                0x000000000000886b       0x97 /home/aghiles/Aghiles/Program/boards/riot/gcoap/bin/native/gcoap.a(gcoap.o)
                0x000000000000886b                gcoap_obs_send
 .text.gcoap_op_state
                0x0000000000008902       0x68 /home/aghiles/Aghiles/Program/boards/riot/gcoap/bin/native/gcoap.a(gcoap.o)
                0x0000000000008902                gcoap_op_state
 .text.gcoap_get_resource_list
                0x000000000000896a      0x168 /home/aghiles/Aghiles/Program/boards/riot/gcoap/bin/native/gcoap.a(gcoap.o)
                0x000000000000896a                gcoap_get_resource_list
 .text.bf_set   0x0000000000008ad2       0x6a /home/aghiles/Aghiles/Program/boards/riot/gcoap/bin/native/gnrc_netif.a(gnrc_netif.o)
 .text.bf_isset
                0x0000000000008b3c       0x6a /home/aghiles/Aghiles/Program/boards/riot/gcoap/bin/native/gnrc_netif.a(gnrc_netif.o)
 .text.byteorder_swaps
                0x0000000000008ba6       0x3d /home/aghiles/Aghiles/Program/boards/riot/gcoap/bin/native/gnrc_netif.a(gnrc_netif.o)
 .text.byteorder_swapl
                0x0000000000008be3       0x39 /home/aghiles/Aghiles/Program/boards/riot/gcoap/bin/native/gnrc_netif.a(gnrc_netif.o)
 .text.byteorder_swapll
                0x0000000000008c1c       0x51 /home/aghiles/Aghiles/Program/boards/riot/gcoap/bin/native/gnrc_netif.a(gnrc_netif.o)
 .text.byteorder_htonl
                0x0000000000008c6d       0x58 /home/aghiles/Aghiles/Program/boards/riot/gcoap/bin/native/gnrc_netif.a(gnrc_netif.o)
 .text.byteorder_htonll
                0x0000000000008cc5       0x6a /home/aghiles/Aghiles/Program/boards/riot/gcoap/bin/native/gnrc_netif.a(gnrc_netif.o)
 .text.byteorder_ntohs
                0x0000000000008d2f       0x49 /home/aghiles/Aghiles/Program/boards/riot/gcoap/bin/native/gnrc_netif.a(gnrc_netif.o)
 .text.ipv6_addr_is_unspecified
                0x0000000000008d78       0x57 /home/aghiles/Aghiles/Program/boards/riot/gcoap/bin/native/gnrc_netif.a(gnrc_netif.o)
 .text.ipv6_addr_is_loopback
                0x0000000000008dcf       0x57 /home/aghiles/Aghiles/Program/boards/riot/gcoap/bin/native/gnrc_netif.a(gnrc_netif.o)
 .text.ipv6_addr_is_multicast
                0x0000000000008e26       0x3f /home/aghiles/Aghiles/Program/boards/riot/gcoap/bin/native/gnrc_netif.a(gnrc_netif.o)
 .text.ipv6_addr_is_link_local
                0x0000000000008e65       0x89 /home/aghiles/Aghiles/Program/boards/riot/gcoap/bin/native/gnrc_netif.a(gnrc_netif.o)
 .text.ipv6_addr_is_site_local
                0x0000000000008eee       0x88 /home/aghiles/Aghiles/Program/boards/riot/gcoap/bin/native/gnrc_netif.a(gnrc_netif.o)
 .text.ipv6_addr_set_unspecified
                0x0000000000008f76       0x4e /home/aghiles/Aghiles/Program/boards/riot/gcoap/bin/native/gnrc_netif.a(gnrc_netif.o)
 .text.ipv6_addr_set_solicited_nodes
                0x0000000000008fc4       0x9f /home/aghiles/Aghiles/Program/boards/riot/gcoap/bin/native/gnrc_netif.a(gnrc_netif.o)
 .text.gnrc_netapi_dispatch_receive
                0x0000000000009063       0x5d /home/aghiles/Aghiles/Program/boards/riot/gcoap/bin/native/gnrc_netif.a(gnrc_netif.o)
 .text.rmutex_init
                0x00000000000090c0       0x56 /home/aghiles/Aghiles/Program/boards/riot/gcoap/bin/native/gnrc_netif.a(gnrc_netif.o)
 .text.gnrc_netif_ipv6_addr_dad_trans
                0x0000000000009116       0x4b /home/aghiles/Aghiles/Program/boards/riot/gcoap/bin/native/gnrc_netif.a(gnrc_netif.o)
 .text.gnrc_netif_ipv6_get_iid
                0x0000000000009161       0x7e /home/aghiles/Aghiles/Program/boards/riot/gcoap/bin/native/gnrc_netif.a(gnrc_netif.o)
 .text.gnrc_pktbuf_release
                0x00000000000091df       0x4c /home/aghiles/Aghiles/Program/boards/riot/gcoap/bin/native/gnrc_netif.a(gnrc_netif.o)
 .text.gnrc_netif_create
                0x000000000000922b      0x168 /home/aghiles/Aghiles/Program/boards/riot/gcoap/bin/native/gnrc_netif.a(gnrc_netif.o)
                0x000000000000922b                gnrc_netif_create
 .text.gnrc_netif_numof
                0x0000000000009393       0x65 /home/aghiles/Aghiles/Program/boards/riot/gcoap/bin/native/gnrc_netif.a(gnrc_netif.o)
                0x0000000000009393                gnrc_netif_numof
 .text.gnrc_netif_iter
                0x00000000000093f8       0x9e /home/aghiles/Aghiles/Program/boards/riot/gcoap/bin/native/gnrc_netif.a(gnrc_netif.o)
                0x00000000000093f8                gnrc_netif_iter
 .text.gnrc_netif_get_from_netdev
                0x0000000000009496      0x3f9 /home/aghiles/Aghiles/Program/boards/riot/gcoap/bin/native/gnrc_netif.a(gnrc_netif.o)
                0x0000000000009496                gnrc_netif_get_from_netdev
 .text.gnrc_netif_set_from_netdev
                0x000000000000988f      0x367 /home/aghiles/Aghiles/Program/boards/riot/gcoap/bin/native/gnrc_netif.a(gnrc_netif.o)
                0x000000000000988f                gnrc_netif_set_from_netdev
 .text.gnrc_netif_get_by_pid
                0x0000000000009bf6       0x6f /home/aghiles/Aghiles/Program/boards/riot/gcoap/bin/native/gnrc_netif.a(gnrc_netif.o)
                0x0000000000009bf6                gnrc_netif_get_by_pid
 .text.gnrc_netif_addr_to_str
                0x0000000000009c65       0xd2 /home/aghiles/Aghiles/Program/boards/riot/gcoap/bin/native/gnrc_netif.a(gnrc_netif.o)
                0x0000000000009c65                gnrc_netif_addr_to_str
 .text._dehex   0x0000000000009d37       0x7c /home/aghiles/Aghiles/Program/boards/riot/gcoap/bin/native/gnrc_netif.a(gnrc_netif.o)
 .text.gnrc_netif_addr_from_str
                0x0000000000009db3      0x181 /home/aghiles/Aghiles/Program/boards/riot/gcoap/bin/native/gnrc_netif.a(gnrc_netif.o)
                0x0000000000009db3                gnrc_netif_addr_from_str
 .text.gnrc_netif_acquire
                0x0000000000009f34       0x5d /home/aghiles/Aghiles/Program/boards/riot/gcoap/bin/native/gnrc_netif.a(gnrc_netif.o)
                0x0000000000009f34                gnrc_netif_acquire
 .text.gnrc_netif_release
                0x0000000000009f91       0x5d /home/aghiles/Aghiles/Program/boards/riot/gcoap/bin/native/gnrc_netif.a(gnrc_netif.o)
                0x0000000000009f91                gnrc_netif_release
 .text.gnrc_netif_ipv6_addr_add_internal
                0x0000000000009fee      0x312 /home/aghiles/Aghiles/Program/boards/riot/gcoap/bin/native/gnrc_netif.a(gnrc_netif.o)
                0x0000000000009fee                gnrc_netif_ipv6_addr_add_internal
 .text.gnrc_netif_ipv6_addr_remove_internal
                0x000000000000a300      0x157 /home/aghiles/Aghiles/Program/boards/riot/gcoap/bin/native/gnrc_netif.a(gnrc_netif.o)
                0x000000000000a300                gnrc_netif_ipv6_addr_remove_internal
 .text.gnrc_netif_ipv6_addr_idx
                0x000000000000a457       0x94 /home/aghiles/Aghiles/Program/boards/riot/gcoap/bin/native/gnrc_netif.a(gnrc_netif.o)
                0x000000000000a457                gnrc_netif_ipv6_addr_idx
 .text.gnrc_netif_ipv6_addr_match
                0x000000000000a4eb       0x96 /home/aghiles/Aghiles/Program/boards/riot/gcoap/bin/native/gnrc_netif.a(gnrc_netif.o)
                0x000000000000a4eb                gnrc_netif_ipv6_addr_match
 .text.gnrc_netif_ipv6_addr_best_src
                0x000000000000a581       0xe5 /home/aghiles/Aghiles/Program/boards/riot/gcoap/bin/native/gnrc_netif.a(gnrc_netif.o)
                0x000000000000a581                gnrc_netif_ipv6_addr_best_src
 .text.gnrc_netif_get_by_ipv6_addr
                0x000000000000a666       0x87 /home/aghiles/Aghiles/Program/boards/riot/gcoap/bin/native/gnrc_netif.a(gnrc_netif.o)
                0x000000000000a666                gnrc_netif_get_by_ipv6_addr
 .text.gnrc_netif_ipv6_group_join_internal
                0x000000000000a6ed      0x142 /home/aghiles/Aghiles/Program/boards/riot/gcoap/bin/native/gnrc_netif.a(gnrc_netif.o)
                0x000000000000a6ed                gnrc_netif_ipv6_group_join_internal
 .text.gnrc_netif_ipv6_group_leave_internal
                0x000000000000a82f       0xb7 /home/aghiles/Aghiles/Program/boards/riot/gcoap/bin/native/gnrc_netif.a(gnrc_netif.o)
                0x000000000000a82f                gnrc_netif_ipv6_group_leave_internal
 .text._addr_anycast
                0x000000000000a8e6       0x53 /home/aghiles/Aghiles/Program/boards/riot/gcoap/bin/native/gnrc_netif.a(gnrc_netif.o)
 .text._idx     0x000000000000a939       0xc5 /home/aghiles/Aghiles/Program/boards/riot/gcoap/bin/native/gnrc_netif.a(gnrc_netif.o)
 .text._addr_idx
                0x000000000000a9fe       0x4d /home/aghiles/Aghiles/Program/boards/riot/gcoap/bin/native/gnrc_netif.a(gnrc_netif.o)
 .text._group_idx
                0x000000000000aa4b       0x4d /home/aghiles/Aghiles/Program/boards/riot/gcoap/bin/native/gnrc_netif.a(gnrc_netif.o)
 .text._match_to_idx
                0x000000000000aa98      0x150 /home/aghiles/Aghiles/Program/boards/riot/gcoap/bin/native/gnrc_netif.a(gnrc_netif.o)
 .text._get_scope
                0x000000000000abe8       0x6b /home/aghiles/Aghiles/Program/boards/riot/gcoap/bin/native/gnrc_netif.a(gnrc_netif.o)
 .text._get_state
                0x000000000000ac53       0x4e /home/aghiles/Aghiles/Program/boards/riot/gcoap/bin/native/gnrc_netif.a(gnrc_netif.o)
 .text._create_candidate_set
                0x000000000000aca1       0xe6 /home/aghiles/Aghiles/Program/boards/riot/gcoap/bin/native/gnrc_netif.a(gnrc_netif.o)
 .text._src_addr_selection
                0x000000000000ad87      0x22a /home/aghiles/Aghiles/Program/boards/riot/gcoap/bin/native/gnrc_netif.a(gnrc_netif.o)
 .text.gnrc_netif_is_6ln
                0x000000000000afb1       0x66 /home/aghiles/Aghiles/Program/boards/riot/gcoap/bin/native/gnrc_netif.a(gnrc_netif.o)
                0x000000000000afb1                gnrc_netif_is_6ln
 .text._update_l2addr_from_dev
                0x000000000000b017       0xcb /home/aghiles/Aghiles/Program/boards/riot/gcoap/bin/native/gnrc_netif.a(gnrc_netif.o)
 .text._init_from_device
                0x000000000000b0e2       0xa3 /home/aghiles/Aghiles/Program/boards/riot/gcoap/bin/native/gnrc_netif.a(gnrc_netif.o)
 .text._configure_netdev
                0x000000000000b185       0x54 /home/aghiles/Aghiles/Program/boards/riot/gcoap/bin/native/gnrc_netif.a(gnrc_netif.o)
 .text._gnrc_netif_thread
                0x000000000000b1d9      0x28d /home/aghiles/Aghiles/Program/boards/riot/gcoap/bin/native/gnrc_netif.a(gnrc_netif.o)
 .text._pass_on_packet
                0x000000000000b466       0x61 /home/aghiles/Aghiles/Program/boards/riot/gcoap/bin/native/gnrc_netif.a(gnrc_netif.o)
 .text._event_cb
                0x000000000000b4c7       0xd1 /home/aghiles/Aghiles/Program/boards/riot/gcoap/bin/native/gnrc_netif.a(gnrc_netif.o)
 .text.eui48_to_eui64
                0x000000000000b598       0x95 /home/aghiles/Aghiles/Program/boards/riot/gcoap/bin/native/gnrc_netif.a(gnrc_netif_device_type.o)
 .text.gnrc_netif_get_l2addr_opt
                0x000000000000b62d       0x3f /home/aghiles/Aghiles/Program/boards/riot/gcoap/bin/native/gnrc_netif.a(gnrc_netif_device_type.o)
                0x000000000000b62d                gnrc_netif_get_l2addr_opt
 .text.gnrc_netif_eui64_from_addr
                0x000000000000b66c       0xd0 /home/aghiles/Aghiles/Program/boards/riot/gcoap/bin/native/gnrc_netif.a(gnrc_netif_device_type.o)
                0x000000000000b66c                gnrc_netif_eui64_from_addr
 .text.gnrc_netif_ipv6_init_mtu
                0x000000000000b73c       0x9c /home/aghiles/Aghiles/Program/boards/riot/gcoap/bin/native/gnrc_netif.a(gnrc_netif_device_type.o)
                0x000000000000b73c                gnrc_netif_ipv6_init_mtu
 .text.gnrc_netif_ipv6_iid_from_addr
                0x000000000000b7d8       0x8d /home/aghiles/Aghiles/Program/boards/riot/gcoap/bin/native/gnrc_netif.a(gnrc_netif_device_type.o)
                0x000000000000b7d8                gnrc_netif_ipv6_iid_from_addr
 .text.gnrc_netif_ndp_addr_len_from_l2ao
                0x000000000000b865       0xc5 /home/aghiles/Aghiles/Program/boards/riot/gcoap/bin/native/gnrc_netif.a(gnrc_netif_device_type.o)
                0x000000000000b865                gnrc_netif_ndp_addr_len_from_l2ao
 .text.mutex_lock
                0x000000000000b92a       0x4c /home/aghiles/Aghiles/Program/boards/riot/gcoap/bin/native/gnrc_pktbuf_static.a(gnrc_pktbuf_static.o)
 .text._pktbuf_contains
                0x000000000000b976       0x4a /home/aghiles/Aghiles/Program/boards/riot/gcoap/bin/native/gnrc_pktbuf_static.a(gnrc_pktbuf_static.o)
 .text._align   0x000000000000b9c0       0x3d /home/aghiles/Aghiles/Program/boards/riot/gcoap/bin/native/gnrc_pktbuf_static.a(gnrc_pktbuf_static.o)
 .text._set_pktsnip
                0x000000000000b9fd       0x7a /home/aghiles/Aghiles/Program/boards/riot/gcoap/bin/native/gnrc_pktbuf_static.a(gnrc_pktbuf_static.o)
 .text.gnrc_pktbuf_init
                0x000000000000ba77       0x7d /home/aghiles/Aghiles/Program/boards/riot/gcoap/bin/native/gnrc_pktbuf_static.a(gnrc_pktbuf_static.o)
                0x000000000000ba77                gnrc_pktbuf_init
 .text.gnrc_pktbuf_add
                0x000000000000baf4       0x99 /home/aghiles/Aghiles/Program/boards/riot/gcoap/bin/native/gnrc_pktbuf_static.a(gnrc_pktbuf_static.o)
                0x000000000000baf4                gnrc_pktbuf_add
 .text.gnrc_pktbuf_mark
                0x000000000000bb8d      0x270 /home/aghiles/Aghiles/Program/boards/riot/gcoap/bin/native/gnrc_pktbuf_static.a(gnrc_pktbuf_static.o)
                0x000000000000bb8d                gnrc_pktbuf_mark
 .text.gnrc_pktbuf_realloc_data
                0x000000000000bdfd      0x219 /home/aghiles/Aghiles/Program/boards/riot/gcoap/bin/native/gnrc_pktbuf_static.a(gnrc_pktbuf_static.o)
                0x000000000000bdfd                gnrc_pktbuf_realloc_data
 .text.gnrc_pktbuf_hold
                0x000000000000c016       0x85 /home/aghiles/Aghiles/Program/boards/riot/gcoap/bin/native/gnrc_pktbuf_static.a(gnrc_pktbuf_static.o)
                0x000000000000c016                gnrc_pktbuf_hold
 .text._release_error_locked
                0x000000000000c09b       0xf0 /home/aghiles/Aghiles/Program/boards/riot/gcoap/bin/native/gnrc_pktbuf_static.a(gnrc_pktbuf_static.o)
 .text.gnrc_pktbuf_release_error
                0x000000000000c18b       0x75 /home/aghiles/Aghiles/Program/boards/riot/gcoap/bin/native/gnrc_pktbuf_static.a(gnrc_pktbuf_static.o)
                0x000000000000c18b                gnrc_pktbuf_release_error
 .text.gnrc_pktbuf_start_write
                0x000000000000c200       0xe9 /home/aghiles/Aghiles/Program/boards/riot/gcoap/bin/native/gnrc_pktbuf_static.a(gnrc_pktbuf_static.o)
                0x000000000000c200                gnrc_pktbuf_start_write
 .text._create_snip
                0x000000000000c2e9       0xda /home/aghiles/Aghiles/Program/boards/riot/gcoap/bin/native/gnrc_pktbuf_static.a(gnrc_pktbuf_static.o)
 .text._pktbuf_alloc
                0x000000000000c3c3      0x151 /home/aghiles/Aghiles/Program/boards/riot/gcoap/bin/native/gnrc_pktbuf_static.a(gnrc_pktbuf_static.o)
 .text._too_small_hole
                0x000000000000c514       0x52 /home/aghiles/Aghiles/Program/boards/riot/gcoap/bin/native/gnrc_pktbuf_static.a(gnrc_pktbuf_static.o)
 .text._merge   0x000000000000c566       0x80 /home/aghiles/Aghiles/Program/boards/riot/gcoap/bin/native/gnrc_pktbuf_static.a(gnrc_pktbuf_static.o)
 .text._pktbuf_free
                0x000000000000c5e6      0x155 /home/aghiles/Aghiles/Program/boards/riot/gcoap/bin/native/gnrc_pktbuf_static.a(gnrc_pktbuf_static.o)
 .text.byteorder_swaps
                0x000000000000c73b       0x3d /home/aghiles/Aghiles/Program/boards/riot/gcoap/bin/native/gnrc_sock_udp.a(gnrc_sock_udp.o)
 .text.byteorder_ntohs
                0x000000000000c778       0x49 /home/aghiles/Aghiles/Program/boards/riot/gcoap/bin/native/gnrc_sock_udp.a(gnrc_sock_udp.o)
 .text.gnrc_pktbuf_release
                0x000000000000c7c1       0x4c /home/aghiles/Aghiles/Program/boards/riot/gcoap/bin/native/gnrc_sock_udp.a(gnrc_sock_udp.o)
 .text.gnrc_af_not_supported
                0x000000000000c80d       0x3b /home/aghiles/Aghiles/Program/boards/riot/gcoap/bin/native/gnrc_sock_udp.a(gnrc_sock_udp.o)
 .text.gnrc_ep_addr_any
                0x000000000000c848       0x8d /home/aghiles/Aghiles/Program/boards/riot/gcoap/bin/native/gnrc_sock_udp.a(gnrc_sock_udp.o)
 .text.gnrc_ep_set
                0x000000000000c8d5       0x83 /home/aghiles/Aghiles/Program/boards/riot/gcoap/bin/native/gnrc_sock_udp.a(gnrc_sock_udp.o)
 .text._dyn_port_used
                0x000000000000c958       0x3a /home/aghiles/Aghiles/Program/boards/riot/gcoap/bin/native/gnrc_sock_udp.a(gnrc_sock_udp.o)
 .text._get_dyn_port
                0x000000000000c992       0xb1 /home/aghiles/Aghiles/Program/boards/riot/gcoap/bin/native/gnrc_sock_udp.a(gnrc_sock_udp.o)
 .text.sock_udp_create
                0x000000000000ca43      0x1f6 /home/aghiles/Aghiles/Program/boards/riot/gcoap/bin/native/gnrc_sock_udp.a(gnrc_sock_udp.o)
                0x000000000000ca43                sock_udp_create
 .text.sock_udp_recv
                0x000000000000cc39      0x20b /home/aghiles/Aghiles/Program/boards/riot/gcoap/bin/native/gnrc_sock_udp.a(gnrc_sock_udp.o)
                0x000000000000cc39                sock_udp_recv
 .text.sock_udp_send
                0x000000000000ce44      0x2e1 /home/aghiles/Aghiles/Program/boards/riot/gcoap/bin/native/gnrc_sock_udp.a(gnrc_sock_udp.o)
                0x000000000000ce44                sock_udp_send
 .text.byteorder_swaps
                0x000000000000d125       0x3d /home/aghiles/Aghiles/Program/boards/riot/gcoap/bin/native/gnrc_udp.a(gnrc_udp.o)
 .text.byteorder_htons
                0x000000000000d162       0x5e /home/aghiles/Aghiles/Program/boards/riot/gcoap/bin/native/gnrc_udp.a(gnrc_udp.o)
 .text.byteorder_ntohs
                0x000000000000d1c0       0x49 /home/aghiles/Aghiles/Program/boards/riot/gcoap/bin/native/gnrc_udp.a(gnrc_udp.o)
 .text.inet_csum
                0x000000000000d209       0x60 /home/aghiles/Aghiles/Program/boards/riot/gcoap/bin/native/gnrc_udp.a(gnrc_udp.o)
 .text.ipv6_hdr_inet_csum
                0x000000000000d269       0x92 /home/aghiles/Aghiles/Program/boards/riot/gcoap/bin/native/gnrc_udp.a(gnrc_udp.o)
 .text.gnrc_pkt_len
                0x000000000000d2fb       0x57 /home/aghiles/Aghiles/Program/boards/riot/gcoap/bin/native/gnrc_udp.a(gnrc_udp.o)
 .text.gnrc_netapi_dispatch_send
                0x000000000000d352       0x5d /home/aghiles/Aghiles/Program/boards/riot/gcoap/bin/native/gnrc_udp.a(gnrc_udp.o)
 .text.gnrc_netapi_dispatch_receive
                0x000000000000d3af       0x5d /home/aghiles/Aghiles/Program/boards/riot/gcoap/bin/native/gnrc_udp.a(gnrc_udp.o)
 .text.gnrc_pktbuf_release
                0x000000000000d40c       0x4c /home/aghiles/Aghiles/Program/boards/riot/gcoap/bin/native/gnrc_udp.a(gnrc_udp.o)
 .text._calc_csum
                0x000000000000d458      0x110 /home/aghiles/Aghiles/Program/boards/riot/gcoap/bin/native/gnrc_udp.a(gnrc_udp.o)
 .text._receive
                0x000000000000d568      0x191 /home/aghiles/Aghiles/Program/boards/riot/gcoap/bin/native/gnrc_udp.a(gnrc_udp.o)
 .text._send    0x000000000000d6f9      0x184 /home/aghiles/Aghiles/Program/boards/riot/gcoap/bin/native/gnrc_udp.a(gnrc_udp.o)
 .text._event_loop
                0x000000000000d87d       0xf5 /home/aghiles/Aghiles/Program/boards/riot/gcoap/bin/native/gnrc_udp.a(gnrc_udp.o)
 .text.gnrc_udp_calc_csum
                0x000000000000d972       0xb3 /home/aghiles/Aghiles/Program/boards/riot/gcoap/bin/native/gnrc_udp.a(gnrc_udp.o)
                0x000000000000d972                gnrc_udp_calc_csum
 .text.gnrc_udp_hdr_build
                0x000000000000da25       0xf3 /home/aghiles/Aghiles/Program/boards/riot/gcoap/bin/native/gnrc_udp.a(gnrc_udp.o)
                0x000000000000da25                gnrc_udp_hdr_build
 .text.gnrc_udp_init
                0x000000000000db18       0x79 /home/aghiles/Aghiles/Program/boards/riot/gcoap/bin/native/gnrc_udp.a(gnrc_udp.o)
                0x000000000000db18                gnrc_udp_init
 .text.__x86.get_pc_thunk.si
                0x000000000000db91        0x4 /home/aghiles/Aghiles/Program/boards/riot/gcoap/bin/native/gnrc_udp.a(gnrc_udp.o)
                0x000000000000db91                __x86.get_pc_thunk.si
 .text.inet_csum_slice
                0x000000000000db95      0x111 /home/aghiles/Aghiles/Program/boards/riot/gcoap/bin/native/inet_csum.a(inet_csum.o)
                0x000000000000db95                inet_csum_slice
 .text.ipv6_addr_equal
                0x000000000000dca6       0xa9 /home/aghiles/Aghiles/Program/boards/riot/gcoap/bin/native/ipv6_addr.a(ipv6_addr.o)
                0x000000000000dca6                ipv6_addr_equal
 .text.ipv6_addr_match_prefix
                0x000000000000dd4f       0xe2 /home/aghiles/Aghiles/Program/boards/riot/gcoap/bin/native/ipv6_addr.a(ipv6_addr.o)
                0x000000000000dd4f                ipv6_addr_match_prefix
 .text.ipv6_addr_init_prefix
                0x000000000000de31       0xe9 /home/aghiles/Aghiles/Program/boards/riot/gcoap/bin/native/ipv6_addr.a(ipv6_addr.o)
                0x000000000000de31                ipv6_addr_init_prefix
 .text.ipv6_addr_split
                0x000000000000df1a       0x97 /home/aghiles/Aghiles/Program/boards/riot/gcoap/bin/native/ipv6_addr.a(ipv6_addr.o)
                0x000000000000df1a                ipv6_addr_split
 .text.ipv6_addr_to_str
                0x000000000000dfb1      0x333 /home/aghiles/Aghiles/Program/boards/riot/gcoap/bin/native/ipv6_addr.a(ipv6_addr_to_str.o)
                0x000000000000dfb1                ipv6_addr_to_str
 .text.ipv6_addr_set_unspecified
                0x000000000000e2e4       0x4e /home/aghiles/Aghiles/Program/boards/riot/gcoap/bin/native/ipv6_addr.a(ipv6_addr_from_str.o)
 .text.ipv6_addr_from_str
                0x000000000000e332      0x28b /home/aghiles/Aghiles/Program/boards/riot/gcoap/bin/native/ipv6_addr.a(ipv6_addr_from_str.o)
                0x000000000000e332                ipv6_addr_from_str
 .text.byteorder_swaps
                0x000000000000e5bd       0x3d /home/aghiles/Aghiles/Program/boards/riot/gcoap/bin/native/nanocoap.a(nanocoap.o)
 .text.byteorder_swapl
                0x000000000000e5fa       0x39 /home/aghiles/Aghiles/Program/boards/riot/gcoap/bin/native/nanocoap.a(nanocoap.o)
 .text.byteorder_htons
                0x000000000000e633       0x5e /home/aghiles/Aghiles/Program/boards/riot/gcoap/bin/native/nanocoap.a(nanocoap.o)
 .text.byteorder_htonl
                0x000000000000e691       0x58 /home/aghiles/Aghiles/Program/boards/riot/gcoap/bin/native/nanocoap.a(nanocoap.o)
 .text.byteorder_ntohs
                0x000000000000e6e9       0x49 /home/aghiles/Aghiles/Program/boards/riot/gcoap/bin/native/nanocoap.a(nanocoap.o)
 .text.byteorder_ntohl
                0x000000000000e732       0x43 /home/aghiles/Aghiles/Program/boards/riot/gcoap/bin/native/nanocoap.a(nanocoap.o)
 .text.htons    0x000000000000e775       0x4d /home/aghiles/Aghiles/Program/boards/riot/gcoap/bin/native/nanocoap.a(nanocoap.o)
 .text.htonl    0x000000000000e7c2       0x49 /home/aghiles/Aghiles/Program/boards/riot/gcoap/bin/native/nanocoap.a(nanocoap.o)
 .text.ntohs    0x000000000000e80b       0x4d /home/aghiles/Aghiles/Program/boards/riot/gcoap/bin/native/nanocoap.a(nanocoap.o)
 .text.ntohl    0x000000000000e858       0x48 /home/aghiles/Aghiles/Program/boards/riot/gcoap/bin/native/nanocoap.a(nanocoap.o)
 .text.coap_get_token_len
                0x000000000000e8a0       0x42 /home/aghiles/Aghiles/Program/boards/riot/gcoap/bin/native/nanocoap.a(nanocoap.o)
 .text.coap_hdr_data_ptr
                0x000000000000e8e2       0x3a /home/aghiles/Aghiles/Program/boards/riot/gcoap/bin/native/nanocoap.a(nanocoap.o)
 .text.coap_parse
                0x000000000000e91c      0x232 /home/aghiles/Aghiles/Program/boards/riot/gcoap/bin/native/nanocoap.a(nanocoap.o)
                0x000000000000e91c                coap_parse
 .text.coap_find_option
                0x000000000000eb4e       0x89 /home/aghiles/Aghiles/Program/boards/riot/gcoap/bin/native/nanocoap.a(nanocoap.o)
                0x000000000000eb4e                coap_find_option
 .text._parse_option
                0x000000000000ebd7       0xb8 /home/aghiles/Aghiles/Program/boards/riot/gcoap/bin/native/nanocoap.a(nanocoap.o)
 .text.coap_get_option_uint
                0x000000000000ec8f       0xdd /home/aghiles/Aghiles/Program/boards/riot/gcoap/bin/native/nanocoap.a(nanocoap.o)
                0x000000000000ec8f                coap_get_option_uint
 .text.coap_iterate_option
                0x000000000000ed6c       0xa0 /home/aghiles/Aghiles/Program/boards/riot/gcoap/bin/native/nanocoap.a(nanocoap.o)
                0x000000000000ed6c                coap_iterate_option
 .text.coap_get_content_type
                0x000000000000ee0c       0xc7 /home/aghiles/Aghiles/Program/boards/riot/gcoap/bin/native/nanocoap.a(nanocoap.o)
                0x000000000000ee0c                coap_get_content_type
 .text.coap_opt_get_string
                0x000000000000eed3      0x14a /home/aghiles/Aghiles/Program/boards/riot/gcoap/bin/native/nanocoap.a(nanocoap.o)
                0x000000000000eed3                coap_opt_get_string
 .text.coap_build_hdr
                0x000000000000f01d      0x10d /home/aghiles/Aghiles/Program/boards/riot/gcoap/bin/native/nanocoap.a(nanocoap.o)
                0x000000000000f01d                coap_build_hdr
 .text.coap_pkt_init
                0x000000000000f12a       0x93 /home/aghiles/Aghiles/Program/boards/riot/gcoap/bin/native/nanocoap.a(nanocoap.o)
                0x000000000000f12a                coap_pkt_init
 .text._decode_value
                0x000000000000f1bd      0x113 /home/aghiles/Aghiles/Program/boards/riot/gcoap/bin/native/nanocoap.a(nanocoap.o)
 .text._decode_uint
                0x000000000000f2d0       0x98 /home/aghiles/Aghiles/Program/boards/riot/gcoap/bin/native/nanocoap.a(nanocoap.o)
 .text._encode_uint
                0x000000000000f368       0xbc /home/aghiles/Aghiles/Program/boards/riot/gcoap/bin/native/nanocoap.a(nanocoap.o)
 .text._put_delta_optlen
                0x000000000000f424      0x107 /home/aghiles/Aghiles/Program/boards/riot/gcoap/bin/native/nanocoap.a(nanocoap.o)
 .text.coap_put_option
                0x000000000000f52b       0xda /home/aghiles/Aghiles/Program/boards/riot/gcoap/bin/native/nanocoap.a(nanocoap.o)
                0x000000000000f52b                coap_put_option
 .text._add_opt_pkt
                0x000000000000f605      0x1b4 /home/aghiles/Aghiles/Program/boards/riot/gcoap/bin/native/nanocoap.a(nanocoap.o)
 .text.coap_opt_add_string
                0x000000000000f7b9      0x114 /home/aghiles/Aghiles/Program/boards/riot/gcoap/bin/native/nanocoap.a(nanocoap.o)
                0x000000000000f7b9                coap_opt_add_string
 .text.coap_opt_add_uint
                0x000000000000f8cd       0x70 /home/aghiles/Aghiles/Program/boards/riot/gcoap/bin/native/nanocoap.a(nanocoap.o)
                0x000000000000f8cd                coap_opt_add_uint
 .text._native_LED_GREEN_ON
                0x000000000000f93d       0x48 /home/aghiles/Aghiles/Program/boards/riot/gcoap/bin/native/native-drivers.a(native-led.o)
                0x000000000000f93d                _native_LED_GREEN_ON
 .text._native_LED_RED_OFF
                0x000000000000f985       0x48 /home/aghiles/Aghiles/Program/boards/riot/gcoap/bin/native/native-drivers.a(native-led.o)
                0x000000000000f985                _native_LED_RED_OFF
 .text.od_hex_dump
                0x000000000000f9cd       0xf3 /home/aghiles/Aghiles/Program/boards/riot/gcoap/bin/native/od.a(od.o)
                0x000000000000f9cd                od_hex_dump
 .text.tty_uart_setup
                0x000000000000fac0       0x5f /home/aghiles/Aghiles/Program/boards/riot/gcoap/bin/native/periph.a(uart.o)
                0x000000000000fac0                tty_uart_setup
 .text.pm_set_lowest
                0x000000000000fb1f       0x89 /home/aghiles/Aghiles/Program/boards/riot/gcoap/bin/native/periph.a(pm.o)
                0x000000000000fb1f                pm_set_lowest
 .text.pm_off   0x000000000000fba8       0x3e /home/aghiles/Aghiles/Program/boards/riot/gcoap/bin/native/periph.a(pm.o)
                0x000000000000fba8                pm_off
 .text.pm_reboot
                0x000000000000fbe6       0x81 /home/aghiles/Aghiles/Program/boards/riot/gcoap/bin/native/periph.a(pm.o)
                0x000000000000fbe6                pm_reboot
 .text.ts2ticks
                0x000000000000fc67       0x61 /home/aghiles/Aghiles/Program/boards/riot/gcoap/bin/native/periph.a(timer.o)
 .text.native_isr_timer
                0x000000000000fcc8       0x47 /home/aghiles/Aghiles/Program/boards/riot/gcoap/bin/native/periph.a(timer.o)
                0x000000000000fcc8                native_isr_timer
 .text.timer_init
                0x000000000000fd0f       0xb0 /home/aghiles/Aghiles/Program/boards/riot/gcoap/bin/native/periph.a(timer.o)
                0x000000000000fd0f                timer_init
 .text.do_timer_set
                0x000000000000fdbf       0xd7 /home/aghiles/Aghiles/Program/boards/riot/gcoap/bin/native/periph.a(timer.o)
 .text.timer_set
                0x000000000000fe96       0x6d /home/aghiles/Aghiles/Program/boards/riot/gcoap/bin/native/periph.a(timer.o)
                0x000000000000fe96                timer_set
 .text.timer_set_absolute
                0x000000000000ff03       0x69 /home/aghiles/Aghiles/Program/boards/riot/gcoap/bin/native/periph.a(timer.o)
                0x000000000000ff03                timer_set_absolute
 .text.timer_read
                0x000000000000ff6c       0x97 /home/aghiles/Aghiles/Program/boards/riot/gcoap/bin/native/periph.a(timer.o)
                0x000000000000ff6c                timer_read
 .text.ps       0x0000000000010003      0x1d5 /home/aghiles/Aghiles/Program/boards/riot/gcoap/bin/native/ps.a(ps.o)
                0x0000000000010003                ps
 .text.auto_init_random
                0x00000000000101d8       0x54 /home/aghiles/Aghiles/Program/boards/riot/gcoap/bin/native/random.a(random.o)
                0x00000000000101d8                auto_init_random
 .text.random_uint32_range
                0x000000000001022c       0xd8 /home/aghiles/Aghiles/Program/boards/riot/gcoap/bin/native/random.a(random.o)
                0x000000000001022c                random_uint32_range
 .text.tinymt32_next_state
                0x0000000000010304       0xe1 /home/aghiles/Aghiles/Program/boards/riot/gcoap/bin/native/random.a(tinymt32.o)
 .text.tinymt32_temper
                0x00000000000103e5       0x6e /home/aghiles/Aghiles/Program/boards/riot/gcoap/bin/native/random.a(tinymt32.o)
 .text.tinymt32_generate_uint32
                0x0000000000010453       0x50 /home/aghiles/Aghiles/Program/boards/riot/gcoap/bin/native/random.a(tinymt32.o)
 .text.random_init
                0x00000000000104a3       0x51 /home/aghiles/Aghiles/Program/boards/riot/gcoap/bin/native/random.a(tinymt32.o)
                0x00000000000104a3                random_init
 .text.random_uint32
                0x00000000000104f4       0x41 /home/aghiles/Aghiles/Program/boards/riot/gcoap/bin/native/random.a(tinymt32.o)
                0x00000000000104f4                random_uint32
 .text.find_handler
                0x0000000000010535       0xa5 /home/aghiles/Aghiles/Program/boards/riot/gcoap/bin/native/shell.a(shell.o)
 .text.print_help
                0x00000000000105da       0xcc /home/aghiles/Aghiles/Program/boards/riot/gcoap/bin/native/shell.a(shell.o)
 .text.handle_input_line
                0x00000000000106a6      0x32f /home/aghiles/Aghiles/Program/boards/riot/gcoap/bin/native/shell.a(shell.o)
 .text.readline
                0x00000000000109d5      0x121 /home/aghiles/Aghiles/Program/boards/riot/gcoap/bin/native/shell.a(shell.o)
 .text.print_prompt
                0x0000000000010af6       0x4e /home/aghiles/Aghiles/Program/boards/riot/gcoap/bin/native/shell.a(shell.o)
 .text.shell_run
                0x0000000000010b44       0x80 /home/aghiles/Aghiles/Program/boards/riot/gcoap/bin/native/shell.a(shell.o)
                0x0000000000010b44                shell_run
 .text._reboot_handler
                0x0000000000010bc4       0x4c /home/aghiles/Aghiles/Program/boards/riot/gcoap/bin/native/shell_commands.a(sc_sys.o)
                0x0000000000010bc4                _reboot_handler
 .text._ps_handler
                0x0000000000010c10       0x4c /home/aghiles/Aghiles/Program/boards/riot/gcoap/bin/native/shell_commands.a(sc_ps.o)
                0x0000000000010c10                _ps_handler
 .text._xtimer_lltimer_now
                0x0000000000010c5c       0x42 /home/aghiles/Aghiles/Program/boards/riot/gcoap/bin/native/shell_commands.a(sc_random.o)
 .text._xtimer_now
                0x0000000000010c9e       0x33 /home/aghiles/Aghiles/Program/boards/riot/gcoap/bin/native/shell_commands.a(sc_random.o)
 .text._random_init
                0x0000000000010cd1       0xa4 /home/aghiles/Aghiles/Program/boards/riot/gcoap/bin/native/shell_commands.a(sc_random.o)
                0x0000000000010cd1                _random_init
 .text._random_get
                0x0000000000010d75       0x5c /home/aghiles/Aghiles/Program/boards/riot/gcoap/bin/native/shell_commands.a(sc_random.o)
                0x0000000000010d75                _random_get
 .text.ipv6_addr_is_multicast
                0x0000000000010dd1       0x3f /home/aghiles/Aghiles/Program/boards/riot/gcoap/bin/native/shell_commands.a(sc_gnrc_netif.o)
 .text.ipv6_addr_is_link_local
                0x0000000000010e10       0x89 /home/aghiles/Aghiles/Program/boards/riot/gcoap/bin/native/shell_commands.a(sc_gnrc_netif.o)
 .text.gnrc_netapi_get
                0x0000000000010e99       0x78 /home/aghiles/Aghiles/Program/boards/riot/gcoap/bin/native/shell_commands.a(sc_gnrc_netif.o)
 .text.gnrc_netapi_set
                0x0000000000010f11       0x78 /home/aghiles/Aghiles/Program/boards/riot/gcoap/bin/native/shell_commands.a(sc_gnrc_netif.o)
 .text._is_number
                0x0000000000010f89       0x64 /home/aghiles/Aghiles/Program/boards/riot/gcoap/bin/native/shell_commands.a(sc_gnrc_netif.o)
 .text._is_iface
                0x0000000000010fed       0x51 /home/aghiles/Aghiles/Program/boards/riot/gcoap/bin/native/shell_commands.a(sc_gnrc_netif.o)
 .text._set_usage
                0x000000000001103e       0x61 /home/aghiles/Aghiles/Program/boards/riot/gcoap/bin/native/shell_commands.a(sc_gnrc_netif.o)
 .text._flag_usage
                0x000000000001109f       0xa4 /home/aghiles/Aghiles/Program/boards/riot/gcoap/bin/native/shell_commands.a(sc_gnrc_netif.o)
 .text._add_usage
                0x0000000000011143       0x51 /home/aghiles/Aghiles/Program/boards/riot/gcoap/bin/native/shell_commands.a(sc_gnrc_netif.o)
 .text._del_usage
                0x0000000000011194       0x51 /home/aghiles/Aghiles/Program/boards/riot/gcoap/bin/native/shell_commands.a(sc_gnrc_netif.o)
 .text._print_netopt
                0x00000000000111e5      0x238 /home/aghiles/Aghiles/Program/boards/riot/gcoap/bin/native/shell_commands.a(sc_gnrc_netif.o)
 .text._newline
                0x000000000001141d       0x65 /home/aghiles/Aghiles/Program/boards/riot/gcoap/bin/native/shell_commands.a(sc_gnrc_netif.o)
 .text._netif_list_flag
                0x0000000000011482       0xae /home/aghiles/Aghiles/Program/boards/riot/gcoap/bin/native/shell_commands.a(sc_gnrc_netif.o)
 .text._netif_list_ipv6
                0x0000000000011530      0x160 /home/aghiles/Aghiles/Program/boards/riot/gcoap/bin/native/shell_commands.a(sc_gnrc_netif.o)
 .text._netif_list_groups
                0x0000000000011690       0x90 /home/aghiles/Aghiles/Program/boards/riot/gcoap/bin/native/shell_commands.a(sc_gnrc_netif.o)
 .text._netif_list
                0x0000000000011720      0x9e4 /home/aghiles/Aghiles/Program/boards/riot/gcoap/bin/native/shell_commands.a(sc_gnrc_netif.o)
 .text._netif_set_u32
                0x0000000000012104      0x1a5 /home/aghiles/Aghiles/Program/boards/riot/gcoap/bin/native/shell_commands.a(sc_gnrc_netif.o)
 .text._netif_set_bandwidth
                0x00000000000122a9      0x10f /home/aghiles/Aghiles/Program/boards/riot/gcoap/bin/native/shell_commands.a(sc_gnrc_netif.o)
 .text._netif_set_coding_rate
                0x00000000000123b8      0x12e /home/aghiles/Aghiles/Program/boards/riot/gcoap/bin/native/shell_commands.a(sc_gnrc_netif.o)
 .text._netif_set_u16
                0x00000000000124e6      0x1ca /home/aghiles/Aghiles/Program/boards/riot/gcoap/bin/native/shell_commands.a(sc_gnrc_netif.o)
 .text._netif_set_i16
                0x00000000000126b0       0xf4 /home/aghiles/Aghiles/Program/boards/riot/gcoap/bin/native/shell_commands.a(sc_gnrc_netif.o)
 .text._netif_set_u8
                0x00000000000127a4       0xfd /home/aghiles/Aghiles/Program/boards/riot/gcoap/bin/native/shell_commands.a(sc_gnrc_netif.o)
 .text._netif_set_flag
                0x00000000000128a1       0xab /home/aghiles/Aghiles/Program/boards/riot/gcoap/bin/native/shell_commands.a(sc_gnrc_netif.o)
 .text._netif_set_addr
                0x000000000001294c      0x115 /home/aghiles/Aghiles/Program/boards/riot/gcoap/bin/native/shell_commands.a(sc_gnrc_netif.o)
 .text._netif_set_state
                0x0000000000012a61      0x26e /home/aghiles/Aghiles/Program/boards/riot/gcoap/bin/native/shell_commands.a(sc_gnrc_netif.o)
 .text._hex_to_int
                0x0000000000012ccf       0x78 /home/aghiles/Aghiles/Program/boards/riot/gcoap/bin/native/shell_commands.a(sc_gnrc_netif.o)
 .text._netif_set_encrypt_key
                0x0000000000012d47      0x28f /home/aghiles/Aghiles/Program/boards/riot/gcoap/bin/native/shell_commands.a(sc_gnrc_netif.o)
 .text._usage   0x0000000000012fd6       0x89 /home/aghiles/Aghiles/Program/boards/riot/gcoap/bin/native/shell_commands.a(sc_gnrc_netif.o)
 .text._netif_set
                0x000000000001305f      0x4bc /home/aghiles/Aghiles/Program/boards/riot/gcoap/bin/native/shell_commands.a(sc_gnrc_netif.o)
 .text._netif_flag
                0x000000000001351b       0xc5 /home/aghiles/Aghiles/Program/boards/riot/gcoap/bin/native/shell_commands.a(sc_gnrc_netif.o)
 .text._get_prefix_len
                0x00000000000135e0       0x60 /home/aghiles/Aghiles/Program/boards/riot/gcoap/bin/native/shell_commands.a(sc_gnrc_netif.o)
 .text._netif_add
                0x0000000000013640      0x1da /home/aghiles/Aghiles/Program/boards/riot/gcoap/bin/native/shell_commands.a(sc_gnrc_netif.o)
 .text._netif_del
                0x000000000001381a      0x112 /home/aghiles/Aghiles/Program/boards/riot/gcoap/bin/native/shell_commands.a(sc_gnrc_netif.o)
 .text._gnrc_netif_config
                0x000000000001392c      0x2a7 /home/aghiles/Aghiles/Program/boards/riot/gcoap/bin/native/shell_commands.a(sc_gnrc_netif.o)
                0x000000000001392c                _gnrc_netif_config
 .text.ipv6_addr_split_prefix
                0x0000000000013bd3       0x50 /home/aghiles/Aghiles/Program/boards/riot/gcoap/bin/native/shell_commands.a(sc_gnrc_ipv6_nib.o)
 .text._gnrc_ipv6_nib
                0x0000000000013c23      0x135 /home/aghiles/Aghiles/Program/boards/riot/gcoap/bin/native/shell_commands.a(sc_gnrc_ipv6_nib.o)
                0x0000000000013c23                _gnrc_ipv6_nib
 .text._usage   0x0000000000013d58       0x54 /home/aghiles/Aghiles/Program/boards/riot/gcoap/bin/native/shell_commands.a(sc_gnrc_ipv6_nib.o)
 .text._usage_nib_neigh
                0x0000000000013dac       0xbe /home/aghiles/Aghiles/Program/boards/riot/gcoap/bin/native/shell_commands.a(sc_gnrc_ipv6_nib.o)
 .text._usage_nib_prefix
                0x0000000000013e6a       0xbe /home/aghiles/Aghiles/Program/boards/riot/gcoap/bin/native/shell_commands.a(sc_gnrc_ipv6_nib.o)
 .text._usage_nib_route
                0x0000000000013f28       0xbe /home/aghiles/Aghiles/Program/boards/riot/gcoap/bin/native/shell_commands.a(sc_gnrc_ipv6_nib.o)
 .text._get_iface
                0x0000000000013fe6       0x5a /home/aghiles/Aghiles/Program/boards/riot/gcoap/bin/native/shell_commands.a(sc_gnrc_ipv6_nib.o)
 .text._nib_neigh
                0x0000000000014040      0x2d2 /home/aghiles/Aghiles/Program/boards/riot/gcoap/bin/native/shell_commands.a(sc_gnrc_ipv6_nib.o)
 .text._nib_prefix
                0x0000000000014312      0x375 /home/aghiles/Aghiles/Program/boards/riot/gcoap/bin/native/shell_commands.a(sc_gnrc_ipv6_nib.o)
 .text._nib_route
                0x0000000000014687      0x33a /home/aghiles/Aghiles/Program/boards/riot/gcoap/bin/native/shell_commands.a(sc_gnrc_ipv6_nib.o)
 .text.byteorder_swaps
                0x00000000000149c1       0x3d /home/aghiles/Aghiles/Program/boards/riot/gcoap/bin/native/shell_commands.a(sc_icmpv6_echo.o)
 .text.byteorder_ntohs
                0x00000000000149fe       0x49 /home/aghiles/Aghiles/Program/boards/riot/gcoap/bin/native/shell_commands.a(sc_icmpv6_echo.o)
 .text.ipv6_addr_is_multicast
                0x0000000000014a47       0x3f /home/aghiles/Aghiles/Program/boards/riot/gcoap/bin/native/shell_commands.a(sc_icmpv6_echo.o)
 .text.ipv6_addr_is_link_local
                0x0000000000014a86       0x89 /home/aghiles/Aghiles/Program/boards/riot/gcoap/bin/native/shell_commands.a(sc_icmpv6_echo.o)
 .text.ipv6_addr_split_iface
                0x0000000000014b0f       0x4d /home/aghiles/Aghiles/Program/boards/riot/gcoap/bin/native/shell_commands.a(sc_icmpv6_echo.o)
 .text.thread_getpid
                0x0000000000014b5c       0x38 /home/aghiles/Aghiles/Program/boards/riot/gcoap/bin/native/shell_commands.a(sc_icmpv6_echo.o)
 .text.gnrc_netapi_dispatch_send
                0x0000000000014b94       0x5d /home/aghiles/Aghiles/Program/boards/riot/gcoap/bin/native/shell_commands.a(sc_icmpv6_echo.o)
 .text._xtimer_usec_from_ticks
                0x0000000000014bf1       0x37 /home/aghiles/Aghiles/Program/boards/riot/gcoap/bin/native/shell_commands.a(sc_icmpv6_echo.o)
 .text._xtimer_usec_from_ticks64
                0x0000000000014c28       0x40 /home/aghiles/Aghiles/Program/boards/riot/gcoap/bin/native/shell_commands.a(sc_icmpv6_echo.o)
 .text._xtimer_ticks_from_usec64
                0x0000000000014c68       0x40 /home/aghiles/Aghiles/Program/boards/riot/gcoap/bin/native/shell_commands.a(sc_icmpv6_echo.o)
 .text._xtimer_lltimer_now
                0x0000000000014ca8       0x42 /home/aghiles/Aghiles/Program/boards/riot/gcoap/bin/native/shell_commands.a(sc_icmpv6_echo.o)
 .text._xtimer_now
                0x0000000000014cea       0x33 /home/aghiles/Aghiles/Program/boards/riot/gcoap/bin/native/shell_commands.a(sc_icmpv6_echo.o)
 .text.xtimer_now
                0x0000000000014d1d       0x49 /home/aghiles/Aghiles/Program/boards/riot/gcoap/bin/native/shell_commands.a(sc_icmpv6_echo.o)
 .text.xtimer_now64
                0x0000000000014d66       0x5a /home/aghiles/Aghiles/Program/boards/riot/gcoap/bin/native/shell_commands.a(sc_icmpv6_echo.o)
 .text.xtimer_now_usec
                0x0000000000014dc0       0x4b /home/aghiles/Aghiles/Program/boards/riot/gcoap/bin/native/shell_commands.a(sc_icmpv6_echo.o)
 .text.xtimer_now_usec64
                0x0000000000014e0b       0x4e /home/aghiles/Aghiles/Program/boards/riot/gcoap/bin/native/shell_commands.a(sc_icmpv6_echo.o)
 .text._xtimer_tsleep64
                0x0000000000014e59       0x65 /home/aghiles/Aghiles/Program/boards/riot/gcoap/bin/native/shell_commands.a(sc_icmpv6_echo.o)
 .text.xtimer_usleep64
                0x0000000000014ebe       0x59 /home/aghiles/Aghiles/Program/boards/riot/gcoap/bin/native/shell_commands.a(sc_icmpv6_echo.o)
 .text.xtimer_msg_receive_timeout64
                0x0000000000014f17       0x66 /home/aghiles/Aghiles/Program/boards/riot/gcoap/bin/native/shell_commands.a(sc_icmpv6_echo.o)
 .text.xtimer_usec_from_ticks
                0x0000000000014f7d       0x43 /home/aghiles/Aghiles/Program/boards/riot/gcoap/bin/native/shell_commands.a(sc_icmpv6_echo.o)
 .text.xtimer_usec_from_ticks64
                0x0000000000014fc0       0x4d /home/aghiles/Aghiles/Program/boards/riot/gcoap/bin/native/shell_commands.a(sc_icmpv6_echo.o)
 .text.gnrc_pktbuf_release
                0x000000000001500d       0x4c /home/aghiles/Aghiles/Program/boards/riot/gcoap/bin/native/shell_commands.a(sc_icmpv6_echo.o)
 .text.gnrc_netif_hdr_init
                0x0000000000015059       0x74 /home/aghiles/Aghiles/Program/boards/riot/gcoap/bin/native/shell_commands.a(sc_icmpv6_echo.o)
 .text.usage    0x00000000000150cd       0xbe /home/aghiles/Aghiles/Program/boards/riot/gcoap/bin/native/shell_commands.a(sc_icmpv6_echo.o)
 .text._set_payload
                0x000000000001518b       0xca /home/aghiles/Aghiles/Program/boards/riot/gcoap/bin/native/shell_commands.a(sc_icmpv6_echo.o)
                0x000000000001518b                _set_payload
 .text._expected_seq
                0x0000000000015255       0x9d /home/aghiles/Aghiles/Program/boards/riot/gcoap/bin/native/shell_commands.a(sc_icmpv6_echo.o)
 .text._handle_reply
                0x00000000000152f2      0x1da /home/aghiles/Aghiles/Program/boards/riot/gcoap/bin/native/shell_commands.a(sc_icmpv6_echo.o)
                0x00000000000152f2                _handle_reply
 .text._print_stats
                0x00000000000154cc      0x1b7 /home/aghiles/Aghiles/Program/boards/riot/gcoap/bin/native/shell_commands.a(sc_icmpv6_echo.o)
 .text._icmpv6_ping
                0x0000000000015683      0x731 /home/aghiles/Aghiles/Program/boards/riot/gcoap/bin/native/shell_commands.a(sc_icmpv6_echo.o)
                0x0000000000015683                _icmpv6_ping
 .text.__x86.get_pc_thunk.cx
                0x0000000000015db4        0x4 /home/aghiles/Aghiles/Program/boards/riot/gcoap/bin/native/shell_commands.a(sc_icmpv6_echo.o)
                0x0000000000015db4                __x86.get_pc_thunk.cx
 .text.sock_udp_ep_equal
                0x0000000000015db8       0xe5 /home/aghiles/Aghiles/Program/boards/riot/gcoap/bin/native/sock_util.a(sock_util.o)
                0x0000000000015db8                sock_udp_ep_equal
 .text.tinymt32_next_state
                0x0000000000015e9d       0xe1 /home/aghiles/Aghiles/Program/boards/riot/gcoap/bin/native/tinymt32.a(tinymt32.o)
 .text.period_certification
                0x0000000000015f7e       0x88 /home/aghiles/Aghiles/Program/boards/riot/gcoap/bin/native/tinymt32.a(tinymt32.o)
 .text.tinymt32_init
                0x0000000000016006      0x100 /home/aghiles/Aghiles/Program/boards/riot/gcoap/bin/native/tinymt32.a(tinymt32.o)
                0x0000000000016006                tinymt32_init
 .text._xtimer_lltimer_now
                0x0000000000016106       0x42 /home/aghiles/Aghiles/Program/boards/riot/gcoap/bin/native/xtimer.a(xtimer_core.o)
 .text._xtimer_lltimer_mask
                0x0000000000016148       0x37 /home/aghiles/Aghiles/Program/boards/riot/gcoap/bin/native/xtimer.a(xtimer_core.o)
 .text._xtimer_now
                0x000000000001617f       0x33 /home/aghiles/Aghiles/Program/boards/riot/gcoap/bin/native/xtimer.a(xtimer_core.o)
 .text._xtimer_spin
                0x00000000000161b2       0x4b /home/aghiles/Aghiles/Program/boards/riot/gcoap/bin/native/xtimer.a(xtimer_core.o)
 .text._is_set  0x00000000000161fd       0x54 /home/aghiles/Aghiles/Program/boards/riot/gcoap/bin/native/xtimer.a(xtimer_core.o)
 .text.xtimer_spin_until
                0x0000000000016251       0x4b /home/aghiles/Aghiles/Program/boards/riot/gcoap/bin/native/xtimer.a(xtimer_core.o)
 .text.xtimer_init
                0x000000000001629c       0x5b /home/aghiles/Aghiles/Program/boards/riot/gcoap/bin/native/xtimer.a(xtimer_core.o)
                0x000000000001629c                xtimer_init
 .text._xtimer_now_internal
                0x00000000000162f7       0x72 /home/aghiles/Aghiles/Program/boards/riot/gcoap/bin/native/xtimer.a(xtimer_core.o)
 .text._xtimer_now64
                0x0000000000016369       0x66 /home/aghiles/Aghiles/Program/boards/riot/gcoap/bin/native/xtimer.a(xtimer_core.o)
                0x0000000000016369                _xtimer_now64
 .text._xtimer_set64
                0x00000000000163cf      0x103 /home/aghiles/Aghiles/Program/boards/riot/gcoap/bin/native/xtimer.a(xtimer_core.o)
                0x00000000000163cf                _xtimer_set64
 .text._xtimer_set
                0x00000000000164d2       0x9c /home/aghiles/Aghiles/Program/boards/riot/gcoap/bin/native/xtimer.a(xtimer_core.o)
                0x00000000000164d2                _xtimer_set
 .text._periph_timer_callback
                0x000000000001656e       0x40 /home/aghiles/Aghiles/Program/boards/riot/gcoap/bin/native/xtimer.a(xtimer_core.o)
 .text._shoot   0x00000000000165ae       0x4a /home/aghiles/Aghiles/Program/boards/riot/gcoap/bin/native/xtimer.a(xtimer_core.o)
 .text._lltimer_set
                0x00000000000165f8       0x64 /home/aghiles/Aghiles/Program/boards/riot/gcoap/bin/native/xtimer.a(xtimer_core.o)
 .text._xtimer_set_absolute
                0x000000000001665c      0x189 /home/aghiles/Aghiles/Program/boards/riot/gcoap/bin/native/xtimer.a(xtimer_core.o)
                0x000000000001665c                _xtimer_set_absolute
 .text._add_timer_to_list
                0x00000000000167e5       0x72 /home/aghiles/Aghiles/Program/boards/riot/gcoap/bin/native/xtimer.a(xtimer_core.o)
 .text._add_timer_to_long_list
                0x0000000000016857       0x96 /home/aghiles/Aghiles/Program/boards/riot/gcoap/bin/native/xtimer.a(xtimer_core.o)
 .text._remove_timer_from_list
                0x00000000000168ed       0x6d /home/aghiles/Aghiles/Program/boards/riot/gcoap/bin/native/xtimer.a(xtimer_core.o)
 .text._remove  0x000000000001695a       0xd2 /home/aghiles/Aghiles/Program/boards/riot/gcoap/bin/native/xtimer.a(xtimer_core.o)
 .text.xtimer_remove
                0x0000000000016a2c       0x71 /home/aghiles/Aghiles/Program/boards/riot/gcoap/bin/native/xtimer.a(xtimer_core.o)
                0x0000000000016a2c                xtimer_remove
 .text._time_left
                0x0000000000016a9d       0x66 /home/aghiles/Aghiles/Program/boards/riot/gcoap/bin/native/xtimer.a(xtimer_core.o)
 .text._this_high_period
                0x0000000000016b03       0x39 /home/aghiles/Aghiles/Program/boards/riot/gcoap/bin/native/xtimer.a(xtimer_core.o)
 .text._compare
                0x0000000000016b3c       0x6e /home/aghiles/Aghiles/Program/boards/riot/gcoap/bin/native/xtimer.a(xtimer_core.o)
 .text._merge_lists
                0x0000000000016baa       0xa9 /home/aghiles/Aghiles/Program/boards/riot/gcoap/bin/native/xtimer.a(xtimer_core.o)
 .text._select_long_timers
                0x0000000000016c53       0xde /home/aghiles/Aghiles/Program/boards/riot/gcoap/bin/native/xtimer.a(xtimer_core.o)
 .text._next_period
                0x0000000000016d31       0x5a /home/aghiles/Aghiles/Program/boards/riot/gcoap/bin/native/xtimer.a(xtimer_core.o)
 .text._timer_callback
                0x0000000000016d8b      0x1f0 /home/aghiles/Aghiles/Program/boards/riot/gcoap/bin/native/xtimer.a(xtimer_core.o)
 .text.mutex_lock
                0x0000000000016f7b       0x4c /home/aghiles/Aghiles/Program/boards/riot/gcoap/bin/native/xtimer.a(xtimer.o)
 .text._xtimer_lltimer_now
                0x0000000000016fc7       0x42 /home/aghiles/Aghiles/Program/boards/riot/gcoap/bin/native/xtimer.a(xtimer.o)
 .text._xtimer_spin
                0x0000000000017009       0x4b /home/aghiles/Aghiles/Program/boards/riot/gcoap/bin/native/xtimer.a(xtimer.o)
 .text._callback_unlock_mutex
                0x0000000000017054       0x50 /home/aghiles/Aghiles/Program/boards/riot/gcoap/bin/native/xtimer.a(xtimer.o)
 .text._xtimer_tsleep
                0x00000000000170a4       0xc5 /home/aghiles/Aghiles/Program/boards/riot/gcoap/bin/native/xtimer.a(xtimer.o)
                0x00000000000170a4                _xtimer_tsleep
 .text._callback_msg