Archive member included to satisfy reference by file (symbol)

contiki-native.a(contiki-main.o)
                              /usr/lib/gcc/x86_64-linux-gnu/6/../../../x86_64-linux-gnu/Scrt1.o (main)
contiki-native.a(clock.o)     test-coffee.co (clock_seconds)
contiki-native.a(button-sensor.o)
                              contiki-native.a(contiki-main.o) (button_sensor)
contiki-native.a(pir-sensor.o)
                              contiki-native.a(contiki-main.o) (pir_sensor)
contiki-native.a(vib-sensor.o)
                              contiki-native.a(contiki-main.o) (vib_sensor)
contiki-native.a(sensors.o)   contiki-native.a(button-sensor.o) (sensors_changed)
contiki-native.a(cfs-posix.o)
                              test-coffee.co (cfs_open)
contiki-native.a(autostart.o)
                              contiki-native.a(contiki-main.o) (autostart_start)
contiki-native.a(ctimer.o)    contiki-native.a(contiki-main.o) (ctimer_init)
contiki-native.a(etimer.o)    contiki-native.a(contiki-main.o) (etimer_process)
contiki-native.a(process.o)   contiki-native.a(ctimer.o) (process_current)
contiki-native.a(rtimer.o)    contiki-native.a(contiki-main.o) (rtimer_init)
contiki-native.a(timer.o)     contiki-native.a(etimer.o) (timer_set)
contiki-native.a(serial-line.o)
                              contiki-native.a(contiki-main.o) (serial_line_input_byte)
contiki-native.a(list.o)      contiki-native.a(ctimer.o) (list_init)
contiki-native.a(random.o)    test-coffee.co (random_rand)
contiki-native.a(ringbuf.o)   contiki-native.a(serial-line.o) (ringbuf_init)
contiki-native.a(rime.o)      contiki-native.a(contiki-main.o) (rime_driver)
contiki-native.a(broadcast-annou)
                              contiki-native.a(rime.o) (broadcast_announcement_init)
contiki-native.a(chameleon.o)
                              contiki-native.a(rime.o) (chameleon_init)
contiki-native.a(broadcast.o)
                              contiki-native.a(broadcast-annou) (broadcast_open)
contiki-native.a(abc.o)       contiki-native.a(broadcast.o) (abc_open)
contiki-native.a(announcement.o)
                              contiki-native.a(rime.o) (announcement_init)
contiki-native.a(queuebuf.o)  contiki-native.a(rime.o) (queuebuf_init)
contiki-native.a(packetbuf.o)
                              contiki-native.a(rime.o) (packetbuf_clear)
contiki-native.a(netstack.o)  contiki-native.a(contiki-main.o) (netstack_init)
contiki-native.a(linkaddr.o)  contiki-native.a(broadcast.o) (linkaddr_node_addr)
contiki-native.a(nullmac.o)   contiki-native.a(contiki-main.o) (nullmac_driver)
contiki-native.a(nullrdc.o)   contiki-native.a(contiki-main.o) (nullrdc_driver)
contiki-native.a(nullsec.o)   contiki-native.a(rime.o) (nullsec_driver)
contiki-native.a(rtimer-arch.o)
                              contiki-native.a(rtimer.o) (rtimer_arch_init)
contiki-native.a(nullradio.o)
                              contiki-native.a(netstack.o) (nullradio_driver)
contiki-native.a(memb.o)      contiki-native.a(queuebuf.o) (memb_init)
contiki-native.a(chameleon-bitop)
                              contiki-native.a(chameleon.o) (chameleon_bitopt)
contiki-native.a(channel.o)   contiki-native.a(chameleon.o) (channel_init)
contiki-native.a(framer-nullmac.)
                              contiki-native.a(nullrdc.o) (framer_nullmac)
contiki-native.a(mac.o)       contiki-native.a(nullrdc.o) (mac_call_sent_callback)
/usr/lib/x86_64-linux-gnu/libc_nonshared.a(elf-init.oS)
                              /usr/lib/gcc/x86_64-linux-gnu/6/../../../x86_64-linux-gnu/Scrt1.o (__libc_csu_init)

Allocating common symbols
Common symbol       size              file

linkaddr_node_addr  0x2               contiki-native.a(linkaddr.o)
serial_line_event_message
                    0x1               contiki-native.a(serial-line.o)
packetbuf_attrs     0x34              contiki-native.a(packetbuf.o)
contiki_argv        0x8               contiki-native.a(contiki-main.o)
sensors_event       0x1               contiki-native.a(sensors.o)
packetbuf_addrs     0x8               contiki-native.a(packetbuf.o)
sensors_flags       0x4               contiki-native.a(contiki-main.o)

Discarded input sections

 .note.GNU-stack
                0x0000000000000000        0x0 /usr/lib/gcc/x86_64-linux-gnu/6/../../../x86_64-linux-gnu/Scrt1.o
 .note.GNU-stack
                0x0000000000000000        0x0 /usr/lib/gcc/x86_64-linux-gnu/6/../../../x86_64-linux-gnu/crti.o
 .note.GNU-stack
                0x0000000000000000        0x0 /usr/lib/gcc/x86_64-linux-gnu/6/crtbeginS.o
 .note.GNU-stack
                0x0000000000000000        0x0 test-coffee.co
 .note.GNU-stack
                0x0000000000000000        0x0 contiki-native.a(contiki-main.o)
 .note.GNU-stack
                0x0000000000000000        0x0 contiki-native.a(clock.o)
 .note.GNU-stack
                0x0000000000000000        0x0 contiki-native.a(button-sensor.o)
 .note.GNU-stack
                0x0000000000000000        0x0 contiki-native.a(pir-sensor.o)
 .note.GNU-stack
                0x0000000000000000        0x0 contiki-native.a(vib-sensor.o)
 .note.GNU-stack
                0x0000000000000000        0x0 contiki-native.a(sensors.o)
 .note.GNU-stack
                0x0000000000000000        0x0 contiki-native.a(cfs-posix.o)
 .note.GNU-stack
                0x0000000000000000        0x0 contiki-native.a(autostart.o)
 .note.GNU-stack
                0x0000000000000000        0x0 contiki-native.a(ctimer.o)
 .note.GNU-stack
                0x0000000000000000        0x0 contiki-native.a(etimer.o)
 .note.GNU-stack
                0x0000000000000000        0x0 contiki-native.a(process.o)
 .note.GNU-stack
                0x0000000000000000        0x0 contiki-native.a(rtimer.o)
 .note.GNU-stack
                0x0000000000000000        0x0 contiki-native.a(timer.o)
 .note.GNU-stack
                0x0000000000000000        0x0 contiki-native.a(serial-line.o)
 .note.GNU-stack
                0x0000000000000000        0x0 contiki-native.a(list.o)
 .note.GNU-stack
                0x0000000000000000        0x0 contiki-native.a(random.o)
 .note.GNU-stack
                0x0000000000000000        0x0 contiki-native.a(ringbuf.o)
 .note.GNU-stack
                0x0000000000000000        0x0 contiki-native.a(rime.o)
 .note.GNU-stack
                0x0000000000000000        0x0 contiki-native.a(broadcast-annou)
 .note.GNU-stack
                0x0000000000000000        0x0 contiki-native.a(chameleon.o)
 .note.GNU-stack
                0x0000000000000000        0x0 contiki-native.a(broadcast.o)
 .note.GNU-stack
                0x0000000000000000        0x0 contiki-native.a(abc.o)
 .note.GNU-stack
                0x0000000000000000        0x0 contiki-native.a(announcement.o)
 .note.GNU-stack
                0x0000000000000000        0x0 contiki-native.a(queuebuf.o)
 .note.GNU-stack
                0x0000000000000000        0x0 contiki-native.a(packetbuf.o)
 .note.GNU-stack
                0x0000000000000000        0x0 contiki-native.a(netstack.o)
 .note.GNU-stack
                0x0000000000000000        0x0 contiki-native.a(linkaddr.o)
 .note.GNU-stack
                0x0000000000000000        0x0 contiki-native.a(nullmac.o)
 .note.GNU-stack
                0x0000000000000000        0x0 contiki-native.a(nullrdc.o)
 .note.GNU-stack
                0x0000000000000000        0x0 contiki-native.a(nullsec.o)
 .note.GNU-stack
                0x0000000000000000        0x0 contiki-native.a(rtimer-arch.o)
 .note.GNU-stack
                0x0000000000000000        0x0 contiki-native.a(nullradio.o)
 .note.GNU-stack
                0x0000000000000000        0x0 contiki-native.a(memb.o)
 .note.GNU-stack
                0x0000000000000000        0x0 contiki-native.a(chameleon-bitop)
 .note.GNU-stack
                0x0000000000000000        0x0 contiki-native.a(channel.o)
 .note.GNU-stack
                0x0000000000000000        0x0 contiki-native.a(framer-nullmac.)
 .note.GNU-stack
                0x0000000000000000        0x0 contiki-native.a(mac.o)
 .note.GNU-stack
                0x0000000000000000        0x0 /usr/lib/x86_64-linux-gnu/libc_nonshared.a(elf-init.oS)
 .note.GNU-stack
                0x0000000000000000        0x0 /usr/lib/gcc/x86_64-linux-gnu/6/crtendS.o
 .note.GNU-stack
                0x0000000000000000        0x0 /usr/lib/gcc/x86_64-linux-gnu/6/../../../x86_64-linux-gnu/crtn.o

Memory Configuration

Name             Origin             Length             Attributes
*default*        0x0000000000000000 0xffffffffffffffff

Linker script and memory map

LOAD /usr/lib/gcc/x86_64-linux-gnu/6/../../../x86_64-linux-gnu/Scrt1.o
LOAD /usr/lib/gcc/x86_64-linux-gnu/6/../../../x86_64-linux-gnu/crti.o
LOAD /usr/lib/gcc/x86_64-linux-gnu/6/crtbeginS.o
LOAD test-coffee.co
LOAD contiki-native.a
LOAD /usr/lib/gcc/x86_64-linux-gnu/6/../../../x86_64-linux-gnu/libncurses.so
LOAD /lib/x86_64-linux-gnu/libncurses.so.5
LOAD /usr/lib/gcc/x86_64-linux-gnu/6/../../../x86_64-linux-gnu/libtinfo.so
LOAD /usr/lib/gcc/x86_64-linux-gnu/6/libgcc.a
LOAD /usr/lib/gcc/x86_64-linux-gnu/6/libgcc_s.so
START GROUP
LOAD /usr/lib/gcc/x86_64-linux-gnu/6/libgcc_s.so.1
LOAD /usr/lib/gcc/x86_64-linux-gnu/6/libgcc.a
END GROUP
LOAD /usr/lib/gcc/x86_64-linux-gnu/6/../../../x86_64-linux-gnu/libc.so
START GROUP
LOAD /lib/x86_64-linux-gnu/libc.so.6
LOAD /usr/lib/x86_64-linux-gnu/libc_nonshared.a
LOAD /lib/x86_64-linux-gnu/ld-linux-x86-64.so.2
END GROUP
LOAD /usr/lib/gcc/x86_64-linux-gnu/6/libgcc.a
LOAD /usr/lib/gcc/x86_64-linux-gnu/6/libgcc_s.so
START GROUP
LOAD /usr/lib/gcc/x86_64-linux-gnu/6/libgcc_s.so.1
LOAD /usr/lib/gcc/x86_64-linux-gnu/6/libgcc.a
END GROUP
LOAD /usr/lib/gcc/x86_64-linux-gnu/6/crtendS.o
LOAD /usr/lib/gcc/x86_64-linux-gnu/6/../../../x86_64-linux-gnu/crtn.o
                [!provide]                        PROVIDE (__executable_start, SEGMENT_START ("text-segment", 0x0))
                0x0000000000000238                . = (SEGMENT_START ("text-segment", 0x0) + SIZEOF_HEADERS)

.interp         0x0000000000000238       0x1c
 *(.interp)
 .interp        0x0000000000000238       0x1c /usr/lib/gcc/x86_64-linux-gnu/6/../../../x86_64-linux-gnu/Scrt1.o

.note.ABI-tag   0x0000000000000254       0x20
 .note.ABI-tag  0x0000000000000254       0x20 /usr/lib/gcc/x86_64-linux-gnu/6/../../../x86_64-linux-gnu/Scrt1.o

.note.gnu.build-id
                0x0000000000000274       0x24
 *(.note.gnu.build-id)
 .note.gnu.build-id
                0x0000000000000274       0x24 /usr/lib/gcc/x86_64-linux-gnu/6/../../../x86_64-linux-gnu/Scrt1.o

.hash
 *(.hash)

.gnu.hash       0x0000000000000298      0x74c
 *(.gnu.hash)
 .gnu.hash      0x0000000000000298      0x74c /usr/lib/gcc/x86_64-linux-gnu/6/../../../x86_64-linux-gnu/Scrt1.o

.dynsym         0x00000000000009e8     0x1608
 *(.dynsym)
 .dynsym        0x00000000000009e8     0x1608 /usr/lib/gcc/x86_64-linux-gnu/6/../../../x86_64-linux-gnu/Scrt1.o

.dynstr         0x0000000000001ff0      0xd69
 *(.dynstr)
 .dynstr        0x0000000000001ff0      0xd69 /usr/lib/gcc/x86_64-linux-gnu/6/../../../x86_64-linux-gnu/Scrt1.o

.gnu.version    0x0000000000002d5a      0x1d6
 *(.gnu.version)
 .gnu.version   0x0000000000002d5a      0x1d6 /usr/lib/gcc/x86_64-linux-gnu/6/../../../x86_64-linux-gnu/Scrt1.o

.gnu.version_d  0x0000000000002f30        0x0
 *(.gnu.version_d)
 .gnu.version_d
                0x0000000000002f30        0x0 /usr/lib/gcc/x86_64-linux-gnu/6/../../../x86_64-linux-gnu/Scrt1.o

.gnu.version_r  0x0000000000002f30       0x30
 *(.gnu.version_r)
 .gnu.version_r
                0x0000000000002f30       0x30 /usr/lib/gcc/x86_64-linux-gnu/6/../../../x86_64-linux-gnu/Scrt1.o

.rela.dyn       0x0000000000002f60      0x8d0
 *(.rela.init)
 *(.rela.text .rela.text.* .rela.gnu.linkonce.t.*)
 .rela.text     0x0000000000002f60        0x0 /usr/lib/gcc/x86_64-linux-gnu/6/../../../x86_64-linux-gnu/Scrt1.o
 *(.rela.fini)
 *(.rela.rodata .rela.rodata.* .rela.gnu.linkonce.r.*)
 *(.rela.data .rela.data.* .rela.gnu.linkonce.d.*)
 .rela.data.rel.ro
                0x0000000000002f60        0x0 /usr/lib/gcc/x86_64-linux-gnu/6/../../../x86_64-linux-gnu/Scrt1.o
 .rela.data.rel.local
                0x0000000000002f60      0x1e0 /usr/lib/gcc/x86_64-linux-gnu/6/../../../x86_64-linux-gnu/Scrt1.o
 .rela.data.rel.ro.local
                0x0000000000003140      0x5b8 /usr/lib/gcc/x86_64-linux-gnu/6/../../../x86_64-linux-gnu/Scrt1.o
 .rela.data.rel
                0x00000000000036f8       0x48 /usr/lib/gcc/x86_64-linux-gnu/6/../../../x86_64-linux-gnu/Scrt1.o
 *(.rela.tdata .rela.tdata.* .rela.gnu.linkonce.td.*)
 *(.rela.tbss .rela.tbss.* .rela.gnu.linkonce.tb.*)
 *(.rela.ctors)
 *(.rela.dtors)
 *(.rela.got)
 .rela.got      0x0000000000003740       0x90 /usr/lib/gcc/x86_64-linux-gnu/6/../../../x86_64-linux-gnu/Scrt1.o
 *(.rela.bss .rela.bss.* .rela.gnu.linkonce.b.*)
 .rela.bss      0x00000000000037d0       0x30 /usr/lib/gcc/x86_64-linux-gnu/6/../../../x86_64-linux-gnu/Scrt1.o
 *(.rela.ldata .rela.ldata.* .rela.gnu.linkonce.l.*)
 *(.rela.lbss .rela.lbss.* .rela.gnu.linkonce.lb.*)
 *(.rela.lrodata .rela.lrodata.* .rela.gnu.linkonce.lr.*)
 *(.rela.ifunc)
 .rela.fini_array
                0x0000000000003800       0x18 /usr/lib/gcc/x86_64-linux-gnu/6/../../../x86_64-linux-gnu/Scrt1.o
 .rela.init_array
                0x0000000000003818       0x18 /usr/lib/gcc/x86_64-linux-gnu/6/../../../x86_64-linux-gnu/Scrt1.o

.rela.plt       0x0000000000003830      0x270
 *(.rela.plt)
 .rela.plt      0x0000000000003830      0x270 /usr/lib/gcc/x86_64-linux-gnu/6/../../../x86_64-linux-gnu/Scrt1.o
                [!provide]                        PROVIDE (__rela_iplt_start, .)
 *(.rela.iplt)
                [!provide]                        PROVIDE (__rela_iplt_end, .)

.init           0x0000000000003aa0       0x17
 *(SORT(.init))
 .init          0x0000000000003aa0       0x12 /usr/lib/gcc/x86_64-linux-gnu/6/../../../x86_64-linux-gnu/crti.o
                0x0000000000003aa0                _init
 .init          0x0000000000003ab2        0x5 /usr/lib/gcc/x86_64-linux-gnu/6/../../../x86_64-linux-gnu/crtn.o

.plt            0x0000000000003ac0      0x1b0
 *(.plt)
 .plt           0x0000000000003ac0      0x1b0 /usr/lib/gcc/x86_64-linux-gnu/6/../../../x86_64-linux-gnu/Scrt1.o
 *(.iplt)

.plt.got        0x0000000000003c70        0x8
 *(.plt.got)
 .plt.got       0x0000000000003c70        0x8 /usr/lib/gcc/x86_64-linux-gnu/6/../../../x86_64-linux-gnu/Scrt1.o

.plt.bnd
 *(.plt.bnd)

.text           0x0000000000003c80     0x52c2
 *(.text.unlikely .text.*_unlikely .text.unlikely.*)
 *(.text.exit .text.exit.*)
 *(.text.startup .text.startup.*)
 *(.text.hot .text.hot.*)
 *(.text .stub .text.* .gnu.linkonce.t.*)
 .text          0x0000000000003c80       0x2b /usr/lib/gcc/x86_64-linux-gnu/6/../../../x86_64-linux-gnu/Scrt1.o
                0x0000000000003c80                _start
 .text          0x0000000000003cab        0x0 /usr/lib/gcc/x86_64-linux-gnu/6/../../../x86_64-linux-gnu/crti.o
 *fill*         0x0000000000003cab        0x5 
 .text          0x0000000000003cb0      0x100 /usr/lib/gcc/x86_64-linux-gnu/6/crtbeginS.o
 .text          0x0000000000003db0      0xa40 test-coffee.co
 .text          0x00000000000047f0      0x506 contiki-native.a(contiki-main.o)
                0x00000000000047f0                select_set_callback
                0x0000000000004a21                main
                0x0000000000004c92                log_message
                0x0000000000004cc8                uip_log
 .text          0x0000000000004cf6       0x77 contiki-native.a(clock.o)
                0x0000000000004cf6                clock_time
                0x0000000000004d44                clock_seconds
                0x0000000000004d63                clock_delay
 .text          0x0000000000004d6d       0x40 contiki-native.a(button-sensor.o)
                0x0000000000004d6d                button_press
 .text          0x0000000000004dad       0x59 contiki-native.a(pir-sensor.o)
                0x0000000000004dad                pir_sensor_changed
 .text          0x0000000000004e06       0x50 contiki-native.a(vib-sensor.o)
                0x0000000000004e06                vib_sensor_changed
 .text          0x0000000000004e56      0x364 contiki-native.a(sensors.o)
                0x0000000000004ea2                sensors_first
                0x0000000000004eaf                sensors_next
                0x0000000000004ee1                sensors_changed
                0x0000000000004f28                sensors_find
 .text          0x00000000000051ba      0x176 contiki-native.a(cfs-posix.o)
                0x00000000000051ba                cfs_open
                0x0000000000005251                cfs_close
                0x0000000000005269                cfs_read
                0x0000000000005291                cfs_write
                0x00000000000052b9                cfs_seek
                0x0000000000005316                cfs_remove
 .text          0x0000000000005330       0xb3 contiki-native.a(autostart.o)
                0x0000000000005330                autostart_start
                0x000000000000538c                autostart_exit
 .text          0x00000000000053e3      0x3f4 contiki-native.a(ctimer.o)
                0x0000000000005535                ctimer_init
                0x0000000000005563                ctimer_set
                0x00000000000055a0                ctimer_set_with_process
                0x000000000000564d                ctimer_reset
                0x00000000000056b1                ctimer_restart
                0x0000000000005715                ctimer_stop
                0x000000000000576f                ctimer_expired
 .text          0x00000000000057d7      0x536 contiki-native.a(etimer.o)
                0x0000000000005a76                etimer_request_poll
                0x0000000000005b17                etimer_set
                0x0000000000005b49                etimer_reset_with_new_interval
                0x0000000000005b80                etimer_reset
                0x0000000000005ba7                etimer_restart
                0x0000000000005bce                etimer_adjust
                0x0000000000005bfb                etimer_expired
                0x0000000000005c16                etimer_expiration_time
                0x0000000000005c32                etimer_start_time
                0x0000000000005c43                etimer_pending
                0x0000000000005c59                etimer_next_expiration_time
                0x0000000000005c76                etimer_stop
 .text          0x0000000000005d0d      0x602 contiki-native.a(process.o)
                0x0000000000005d0d                process_alloc_event
                0x0000000000005d23                process_start
                0x0000000000005f61                process_exit
                0x0000000000005f86                process_init
                0x0000000000006167                process_run
                0x0000000000006198                process_nevents
                0x00000000000061b4                process_post
                0x0000000000006278                process_post_synch
                0x00000000000062bc                process_poll
                0x00000000000062f5                process_is_running
 .text          0x000000000000630f       0xf9 contiki-native.a(rtimer.o)
                0x000000000000630f                rtimer_init
                0x000000000000631b                rtimer_set
                0x0000000000006399                rtimer_run_next
 .text          0x0000000000006408       0xdf contiki-native.a(timer.o)
                0x0000000000006408                timer_set
                0x0000000000006436                timer_reset
                0x000000000000645a                timer_restart
                0x0000000000006478                timer_expired
                0x00000000000064b5                timer_remaining
 .text          0x00000000000064e7      0x1fb contiki-native.a(serial-line.o)
                0x00000000000064e7                serial_line_input_byte
                0x00000000000066b2                serial_line_init
 .text          0x00000000000066e2      0x311 contiki-native.a(list.o)
                0x00000000000066e2                list_init
                0x00000000000066f8                list_head
                0x0000000000006709                list_copy
                0x0000000000006726                list_tail
                0x000000000000676b                list_add
                0x00000000000067cb                list_push
                0x000000000000680a                list_chop
                0x0000000000006893                list_pop
                0x00000000000068c9                list_remove
                0x0000000000006951                list_length
                0x0000000000006988                list_insert
                0x00000000000069d4                list_item_next
 .text          0x00000000000069f3       0x27 contiki-native.a(random.o)
                0x00000000000069f3                random_init
                0x0000000000006a0f                random_rand
 .text          0x0000000000006a1a      0x189 contiki-native.a(ringbuf.o)
                0x0000000000006a1a                ringbuf_init
                0x0000000000006a57                ringbuf_put
                0x0000000000006ae2                ringbuf_get
                0x0000000000006b5c                ringbuf_size
                0x0000000000006b74                ringbuf_elements
 .text          0x0000000000006ba3      0x1bc contiki-native.a(rime.o)
                0x0000000000006ba3                rime_sniffer_add
                0x0000000000006bc8                rime_sniffer_remove
                0x0000000000006d19                rime_output
 .text          0x0000000000006d5f      0x2ee contiki-native.a(broadcast-annou)
                0x0000000000006fb2                broadcast_announcement_init
                0x0000000000007015                broadcast_announcement_stop
                0x0000000000007040                broadcast_announcement_beacon_interval
 .text          0x000000000000704d       0xb5 contiki-native.a(chameleon.o)
                0x000000000000704d                chameleon_init
                0x0000000000007059                chameleon_parse
                0x000000000000709a                chameleon_create
                0x00000000000070e4                chameleon_hdrsize
 .text          0x0000000000007102      0x13d contiki-native.a(broadcast.o)
                0x00000000000071a9                broadcast_open
                0x00000000000071f9                broadcast_close
                0x0000000000007214                broadcast_send
 .text          0x000000000000723f      0x102 contiki-native.a(abc.o)
                0x000000000000723f                abc_open
                0x0000000000007288                abc_close
                0x00000000000072a3                abc_send
                0x00000000000072bd                abc_input
                0x00000000000072f8                abc_sent
 .text          0x0000000000007341      0x2c6 contiki-native.a(announcement.o)
                0x0000000000007341                announcement_init
                0x0000000000007357                announcement_register
                0x00000000000073e7                announcement_remove
                0x000000000000740c                announcement_remove_value
                0x0000000000007458                announcement_set_value
                0x00000000000074c7                announcement_bump
                0x000000000000751e                announcement_listen
                0x0000000000007546                announcement_register_listen_callback
                0x000000000000755c                announcement_register_observer_callback
                0x0000000000007572                announcement_list
                0x0000000000007587                announcement_heard
 .text          0x0000000000007607      0x32c contiki-native.a(queuebuf.o)
                0x0000000000007618                queuebuf_init
                0x0000000000007637                queuebuf_numfree
                0x0000000000007649                queuebuf_new_from_packetbuf
                0x00000000000076f2                queuebuf_update_attr_from_packetbuf
                0x0000000000007731                queuebuf_update_from_packetbuf
                0x0000000000007789                queuebuf_free
                0x00000000000077d8                queuebuf_to_packetbuf
                0x000000000000784a                queuebuf_dataptr
                0x000000000000788a                queuebuf_datalen
                0x00000000000078b6                queuebuf_addr
                0x00000000000078f5                queuebuf_attr
                0x000000000000792c                queuebuf_debug_print
 .text          0x0000000000007933      0x4ab contiki-native.a(packetbuf.o)
                0x0000000000007933                packetbuf_clear
                0x000000000000795d                packetbuf_copyfrom
                0x00000000000079b3                packetbuf_compact
                0x0000000000007a3e                packetbuf_copyto
                0x0000000000007ae1                packetbuf_hdralloc
                0x0000000000007b6b                packetbuf_hdrreduce
                0x0000000000007bb7                packetbuf_set_datalen
                0x0000000000007bcf                packetbuf_dataptr
                0x0000000000007bf1                packetbuf_hdrptr
                0x0000000000007bfe                packetbuf_datalen
                0x0000000000007c0b                packetbuf_hdrlen
                0x0000000000007c23                packetbuf_totlen
                0x0000000000007c3a                packetbuf_remaininglen
                0x0000000000007c4e                packetbuf_attr_clear
                0x0000000000007ca4                packetbuf_attr_copyto
                0x0000000000007cdd                packetbuf_attr_copyfrom
                0x0000000000007d16                packetbuf_set_attr
                0x0000000000007d45                packetbuf_attr
                0x0000000000007d65                packetbuf_set_addr
                0x0000000000007da3                packetbuf_addr
                0x0000000000007dc5                packetbuf_holds_broadcast
 .text          0x0000000000007dde       0x34 contiki-native.a(netstack.o)
                0x0000000000007dde                netstack_init
 .text          0x0000000000007e12       0x71 contiki-native.a(linkaddr.o)
                0x0000000000007e12                linkaddr_copy
                0x0000000000007e2f                linkaddr_cmp
                0x0000000000007e61                linkaddr_set_node_addr
 .text          0x0000000000007e83       0x76 contiki-native.a(nullmac.o)
 .text          0x0000000000007ef9      0x1ea contiki-native.a(nullrdc.o)
 .text          0x00000000000080e3       0x50 contiki-native.a(nullsec.o)
 .text          0x0000000000008133       0xd5 contiki-native.a(rtimer-arch.o)
                0x0000000000008157                rtimer_arch_init
                0x000000000000816f                rtimer_arch_schedule
 .text          0x0000000000008208       0xfd contiki-native.a(nullradio.o)
 .text          0x0000000000008305      0x20e contiki-native.a(memb.o)
                0x0000000000008305                memb_init
                0x0000000000008364                memb_alloc
                0x00000000000083dc                memb_free
                0x0000000000008474                memb_inmemb
                0x00000000000084c7                memb_numfree
 .text          0x0000000000008513      0x7a2 contiki-native.a(chameleon-bitop)
                0x00000000000085e6                get_bits
                0x00000000000087e7                set_bits
 .text          0x0000000000008cb5      0x113 contiki-native.a(channel.o)
                0x0000000000008cb5                channel_init
                0x0000000000008ccb                channel_set_attributes
                0x0000000000008d17                channel_open
                0x0000000000008d4e                channel_close
                0x0000000000008d73                channel_lookup
 .text          0x0000000000008dc8       0xbe contiki-native.a(framer-nullmac.)
 .text          0x0000000000008e86       0x48 contiki-native.a(mac.o)
                0x0000000000008e86                mac_call_sent_callback
 *fill*         0x0000000000008ece        0x2 
 .text          0x0000000000008ed0       0x72 /usr/lib/x86_64-linux-gnu/libc_nonshared.a(elf-init.oS)
                0x0000000000008ed0                __libc_csu_init
                0x0000000000008f40                __libc_csu_fini
 .text          0x0000000000008f42        0x0 /usr/lib/gcc/x86_64-linux-gnu/6/crtendS.o
 .text          0x0000000000008f42        0x0 /usr/lib/gcc/x86_64-linux-gnu/6/../../../x86_64-linux-gnu/crtn.o
 *(.gnu.warning)

.fini           0x0000000000008f44        0x9
 *(SORT(.fini))
 .fini          0x0000000000008f44        0x4 /usr/lib/gcc/x86_64-linux-gnu/6/../../../x86_64-linux-gnu/crti.o
                0x0000000000008f44                _fini
 .fini          0x0000000000008f48        0x5 /usr/lib/gcc/x86_64-linux-gnu/6/../../../x86_64-linux-gnu/crtn.o
                [!provide]                        PROVIDE (__etext, .)
                [!provide]                        PROVIDE (_etext, .)
                [!provide]                        PROVIDE (etext, .)

.rodata         0x0000000000008f50      0x201
 *(.rodata .rodata.* .gnu.linkonce.r.*)
 .rodata.cst4   0x0000000000008f50        0x4 /usr/lib/gcc/x86_64-linux-gnu/6/../../../x86_64-linux-gnu/Scrt1.o
                0x0000000000008f50                _IO_stdin_used
 *fill*         0x0000000000008f54        0x4 
 .rodata        0x0000000000008f58      0x104 test-coffee.co
 *fill*         0x000000000000905c        0x4 
 .rodata        0x0000000000009060       0x77 contiki-native.a(contiki-main.o)
 .rodata        0x00000000000090d7        0x7 contiki-native.a(button-sensor.o)
 .rodata        0x00000000000090de        0x4 contiki-native.a(pir-sensor.o)
 .rodata        0x00000000000090e2        0xa contiki-native.a(vib-sensor.o)
 .rodata        0x00000000000090ec        0x8 contiki-native.a(sensors.o)
 .rodata        0x00000000000090f4        0xf contiki-native.a(ctimer.o)
 .rodata        0x0000000000009103        0xc contiki-native.a(etimer.o)
 .rodata        0x000000000000910f        0xe contiki-native.a(serial-line.o)
 .rodata        0x000000000000911d        0x5 contiki-native.a(rime.o)
 .rodata        0x0000000000009122        0x4 contiki-native.a(broadcast.o)
 .rodata        0x0000000000009126        0x2 contiki-native.a(abc.o)
 .rodata        0x0000000000009128        0x2 contiki-native.a(linkaddr.o)
                0x0000000000009128                linkaddr_null
 .rodata        0x000000000000912a        0x8 contiki-native.a(nullmac.o)
 .rodata        0x0000000000009132        0x8 contiki-native.a(nullrdc.o)
 .rodata        0x000000000000913a        0x8 contiki-native.a(nullsec.o)
 *fill*         0x0000000000009142        0x6 
 .rodata        0x0000000000009148        0x9 contiki-native.a(chameleon-bitop)

.rodata1
 *(.rodata1)

.eh_frame_hdr   0x0000000000009154      0x7d4
 *(.eh_frame_hdr)
 .eh_frame_hdr  0x0000000000009154      0x7d4 /usr/lib/gcc/x86_64-linux-gnu/6/../../../x86_64-linux-gnu/Scrt1.o
                0x0000000000009154                __GNU_EH_FRAME_HDR
 *(.eh_frame_entry .eh_frame_entry.*)

.eh_frame       0x0000000000009928     0x1f9c
 *(.eh_frame)
 .eh_frame      0x0000000000009928       0x30 /usr/lib/gcc/x86_64-linux-gnu/6/../../../x86_64-linux-gnu/Scrt1.o
 .eh_frame      0x0000000000009958       0x40 /usr/lib/gcc/x86_64-linux-gnu/6/../../../x86_64-linux-gnu/Scrt1.o
 .eh_frame      0x0000000000009998       0x18 /usr/lib/gcc/x86_64-linux-gnu/6/../../../x86_64-linux-gnu/Scrt1.o
                                         0x30 (size before relaxing)
 .eh_frame      0x00000000000099b0       0xc0 test-coffee.co
                                         0xd8 (size before relaxing)
 .eh_frame      0x0000000000009a70       0xe0 contiki-native.a(contiki-main.o)
                                         0xf8 (size before relaxing)
 .eh_frame      0x0000000000009b50       0x60 contiki-native.a(clock.o)
                                         0x78 (size before relaxing)
 .eh_frame      0x0000000000009bb0       0x80 contiki-native.a(button-sensor.o)
                                         0x98 (size before relaxing)
 .eh_frame      0x0000000000009c30       0x80 contiki-native.a(pir-sensor.o)
                                         0x98 (size before relaxing)
 .eh_frame      0x0000000000009cb0       0x80 contiki-native.a(vib-sensor.o)
                                         0x98 (size before relaxing)
 .eh_frame      0x0000000000009d30       0xc0 contiki-native.a(sensors.o)
                                         0xd8 (size before relaxing)
 .eh_frame      0x0000000000009df0       0xc0 contiki-native.a(cfs-posix.o)
                                         0xd8 (size before relaxing)
 .eh_frame      0x0000000000009eb0       0x40 contiki-native.a(autostart.o)
                                         0x58 (size before relaxing)
 .eh_frame      0x0000000000009ef0      0x100 contiki-native.a(ctimer.o)
                                        0x118 (size before relaxing)
 .eh_frame      0x0000000000009ff0      0x1e0 contiki-native.a(etimer.o)
                                        0x1f8 (size before relaxing)
 .eh_frame      0x000000000000a1d0      0x1c8 contiki-native.a(process.o)
                                        0x1e0 (size before relaxing)
 .eh_frame      0x000000000000a398       0x60 contiki-native.a(rtimer.o)
                                         0x78 (size before relaxing)
 .eh_frame      0x000000000000a3f8       0xa0 contiki-native.a(timer.o)
                                         0xb8 (size before relaxing)
 .eh_frame      0x000000000000a498       0x60 contiki-native.a(serial-line.o)
                                         0x78 (size before relaxing)
 .eh_frame      0x000000000000a4f8      0x180 contiki-native.a(list.o)
                                        0x198 (size before relaxing)
 .eh_frame      0x000000000000a678       0x40 contiki-native.a(random.o)
                                         0x58 (size before relaxing)
 .eh_frame      0x000000000000a6b8       0xa0 contiki-native.a(ringbuf.o)
                                         0xb8 (size before relaxing)
 .eh_frame      0x000000000000a758       0xc0 contiki-native.a(rime.o)
                                         0xd8 (size before relaxing)
 .eh_frame      0x000000000000a818      0x128 contiki-native.a(broadcast-annou)
                                        0x140 (size before relaxing)
 .eh_frame      0x000000000000a940       0x80 contiki-native.a(chameleon.o)
                                         0x98 (size before relaxing)
 .eh_frame      0x000000000000a9c0       0xa0 contiki-native.a(broadcast.o)
                                         0xb8 (size before relaxing)
 .eh_frame      0x000000000000aa60       0xa0 contiki-native.a(abc.o)
                                         0xb8 (size before relaxing)
 .eh_frame      0x000000000000ab00      0x160 contiki-native.a(announcement.o)
                                        0x178 (size before relaxing)
 .eh_frame      0x000000000000ac60      0x1a0 contiki-native.a(queuebuf.o)
                                        0x1b8 (size before relaxing)
 .eh_frame      0x000000000000ae00      0x2b0 contiki-native.a(packetbuf.o)
                                        0x2c0 (size before relaxing)
 .eh_frame      0x000000000000b0b0       0x20 contiki-native.a(netstack.o)
                                         0x38 (size before relaxing)
 .eh_frame      0x000000000000b0d0       0x60 contiki-native.a(linkaddr.o)
                                         0x78 (size before relaxing)
 .eh_frame      0x000000000000b130       0xc0 contiki-native.a(nullmac.o)
                                         0xd8 (size before relaxing)
 .eh_frame      0x000000000000b1f0      0x108 contiki-native.a(nullrdc.o)
                                        0x120 (size before relaxing)
 .eh_frame      0x000000000000b2f8       0x60 contiki-native.a(nullsec.o)
                                         0x78 (size before relaxing)
 .eh_frame      0x000000000000b358       0x60 contiki-native.a(rtimer-arch.o)
                                         0x78 (size before relaxing)
 .eh_frame      0x000000000000b3b8      0x1c0 contiki-native.a(nullradio.o)
                                        0x1d8 (size before relaxing)
 .eh_frame      0x000000000000b578       0xa0 contiki-native.a(memb.o)
                                         0xb8 (size before relaxing)
 .eh_frame      0x000000000000b618      0x128 contiki-native.a(chameleon-bitop)
                                        0x140 (size before relaxing)
 .eh_frame      0x000000000000b740       0xa0 contiki-native.a(channel.o)
                                         0xb8 (size before relaxing)
 .eh_frame      0x000000000000b7e0       0x60 contiki-native.a(framer-nullmac.)
                                         0x78 (size before relaxing)
 .eh_frame      0x000000000000b840       0x20 contiki-native.a(mac.o)
                                         0x38 (size before relaxing)
 .eh_frame      0x000000000000b860       0x60 /usr/lib/x86_64-linux-gnu/libc_nonshared.a(elf-init.oS)
                                         0x78 (size before relaxing)
 .eh_frame      0x000000000000b8c0        0x4 /usr/lib/gcc/x86_64-linux-gnu/6/crtendS.o
 *(.eh_frame.*)

.gcc_except_table
 *(.gcc_except_table .gcc_except_table.*)

.gnu_extab
 *(.gnu_extab*)

.exception_ranges
 *(.exception_ranges .exception_ranges*)
                0x000000000020bba8                . = DATA_SEGMENT_ALIGN (CONSTANT (MAXPAGESIZE), CONSTANT (COMMONPAGESIZE))

.eh_frame
 *(.eh_frame)
 *(.eh_frame.*)

.gnu_extab
 *(.gnu_extab)

.gcc_except_table
 *(.gcc_except_table .gcc_except_table.*)

.exception_ranges
 *(.exception_ranges .exception_ranges*)

.tdata
 *(.tdata .tdata.* .gnu.linkonce.td.*)

.tbss
 *(.tbss .tbss.* .gnu.linkonce.tb.*)
 *(.tcommon)

.preinit_array  0x000000000020bba8        0x0
                [!provide]                        PROVIDE (__preinit_array_start, .)
 *(.preinit_array)
                [!provide]                        PROVIDE (__preinit_array_end, .)

.init_array     0x000000000020bba8        0x8
                0x000000000020bba8                PROVIDE (__init_array_start, .)
 *(SORT(.init_array.*) SORT(.ctors.*))
 *(.init_array EXCLUDE_FILE(*crtend?.o *crtend.o *crtbegin?.o *crtbegin.o) .ctors)
 .init_array    0x000000000020bba8        0x8 /usr/lib/gcc/x86_64-linux-gnu/6/crtbeginS.o
                0x000000000020bbb0                PROVIDE (__init_array_end, .)

.fini_array     0x000000000020bbb0        0x8
                [!provide]                        PROVIDE (__fini_array_start, .)
 *(SORT(.fini_array.*) SORT(.dtors.*))
 *(.fini_array EXCLUDE_FILE(*crtend?.o *crtend.o *crtbegin?.o *crtbegin.o) .dtors)
 .fini_array    0x000000000020bbb0        0x8 /usr/lib/gcc/x86_64-linux-gnu/6/crtbeginS.o
                [!provide]                        PROVIDE (__fini_array_end, .)

.ctors
 *crtbegin.o(.ctors)
 *crtbegin?.o(.ctors)
 *(EXCLUDE_FILE(*crtend?.o *crtend.o) .ctors)
 *(SORT(.ctors.*))
 *(.ctors)

.dtors
 *crtbegin.o(.dtors)
 *crtbegin?.o(.dtors)
 *(EXCLUDE_FILE(*crtend?.o *crtend.o) .dtors)
 *(SORT(.dtors.*))
 *(.dtors)

.jcr            0x000000000020bbb8        0x8
 *(.jcr)
 .jcr           0x000000000020bbb8        0x0 /usr/lib/gcc/x86_64-linux-gnu/6/crtbeginS.o
 .jcr           0x000000000020bbb8        0x8 /usr/lib/gcc/x86_64-linux-gnu/6/crtendS.o

.data.rel.ro    0x000000000020bbc0      0x208
 *(.data.rel.ro.local* .gnu.linkonce.d.rel.ro.local.*)
 .data.rel.ro.local
                0x000000000020bbc0       0x10 test-coffee.co
                0x000000000020bbc0                autostart_processes
 .data.rel.ro.local
                0x000000000020bbd0       0x10 contiki-native.a(contiki-main.o)
 .data.rel.ro.local
                0x000000000020bbe0       0x20 contiki-native.a(button-sensor.o)
                0x000000000020bbe0                button_sensor
 .data.rel.ro.local
                0x000000000020bc00       0x20 contiki-native.a(pir-sensor.o)
                0x000000000020bc00                pir_sensor
 .data.rel.ro.local
                0x000000000020bc20       0x20 contiki-native.a(vib-sensor.o)
                0x000000000020bc20                vib_sensor
 .data.rel.ro.local
                0x000000000020bc40       0x18 contiki-native.a(rime.o)
                0x000000000020bc40                rime_driver
 *fill*         0x000000000020bc58        0x8 
 .data.rel.ro.local
                0x000000000020bc60       0x10 contiki-native.a(broadcast-annou)
 .data.rel.ro.local
                0x000000000020bc70       0x10 contiki-native.a(broadcast.o)
 .data.rel.ro.local
                0x000000000020bc80       0x38 contiki-native.a(nullmac.o)
                0x000000000020bc80                nullmac_driver
 *fill*         0x000000000020bcb8        0x8 
 .data.rel.ro.local
                0x000000000020bcc0       0x40 contiki-native.a(nullrdc.o)
                0x000000000020bcc0                nullrdc_driver
 .data.rel.ro.local
                0x000000000020bd00       0x20 contiki-native.a(nullsec.o)
                0x000000000020bd00                nullsec_driver
 .data.rel.ro.local
                0x000000000020bd20       0x70 contiki-native.a(nullradio.o)
                0x000000000020bd20                nullradio_driver
 .data.rel.ro.local
                0x000000000020bd90       0x18 contiki-native.a(chameleon-bitop)
                0x000000000020bd90                chameleon_bitopt
 *fill*         0x000000000020bda8        0x8 
 .data.rel.ro.local
                0x000000000020bdb0       0x18 contiki-native.a(framer-nullmac.)
                0x000000000020bdb0                framer_nullmac
 *(.data.rel.ro .data.rel.ro.* .gnu.linkonce.d.rel.ro.*)
 .data.rel.ro   0x000000000020bdc8        0x0 /usr/lib/gcc/x86_64-linux-gnu/6/../../../x86_64-linux-gnu/Scrt1.o

.dynamic        0x000000000020bdc8      0x200
 *(.dynamic)
 .dynamic       0x000000000020bdc8      0x200 /usr/lib/gcc/x86_64-linux-gnu/6/../../../x86_64-linux-gnu/Scrt1.o
                0x000000000020bdc8                _DYNAMIC

.got            0x000000000020bfc8       0x30
 *(.got)
 .got           0x000000000020bfc8       0x30 /usr/lib/gcc/x86_64-linux-gnu/6/../../../x86_64-linux-gnu/Scrt1.o
 *(.igot)
                0x000000000020cfe8                . = DATA_SEGMENT_RELRO_END (., (SIZEOF (.got.plt) >= 0x18)?0x18:0x0)

.got.plt        0x000000000020c000       0xe8
 *(.got.plt)
 .got.plt       0x000000000020c000       0xe8 /usr/lib/gcc/x86_64-linux-gnu/6/../../../x86_64-linux-gnu/Scrt1.o
                0x000000000020c000                _GLOBAL_OFFSET_TABLE_
 *(.igot.plt)

.data           0x000000000020c100      0x178
 *(.data .data.* .gnu.linkonce.d.*)
 .data          0x000000000020c100        0x4 /usr/lib/gcc/x86_64-linux-gnu/6/../../../x86_64-linux-gnu/Scrt1.o
                0x000000000020c100                data_start
                0x000000000020c100                __data_start
 .data          0x000000000020c104        0x0 /usr/lib/gcc/x86_64-linux-gnu/6/../../../x86_64-linux-gnu/crti.o
 .data          0x000000000020c104        0x0 /usr/lib/gcc/x86_64-linux-gnu/6/crtbeginS.o
 *fill*         0x000000000020c104        0x4 
 .data.rel.local
                0x000000000020c108        0x8 /usr/lib/gcc/x86_64-linux-gnu/6/crtbeginS.o
                0x000000000020c108                __dso_handle
 .data          0x000000000020c110        0x0 test-coffee.co
 *fill*         0x000000000020c110       0x10 
 .data.rel.local
                0x000000000020c120       0x20 test-coffee.co
                0x000000000020c120                testcoffee_process
 .data          0x000000000020c140        0xa contiki-native.a(contiki-main.o)
 *fill*         0x000000000020c14a       0x16 
 .data.rel      0x000000000020c160       0x20 contiki-native.a(contiki-main.o)
                0x000000000020c160                sensors
 .data          0x000000000020c180        0x0 contiki-native.a(clock.o)
 .data          0x000000000020c180        0x0 contiki-native.a(button-sensor.o)
 .data          0x000000000020c180        0x0 contiki-native.a(pir-sensor.o)
 .data          0x000000000020c180        0x0 contiki-native.a(vib-sensor.o)
 .data          0x000000000020c180        0x0 contiki-native.a(sensors.o)
 .data.rel.local
                0x000000000020c180       0x20 contiki-native.a(sensors.o)
                0x000000000020c180                sensors_process
 .data          0x000000000020c1a0        0x0 contiki-native.a(cfs-posix.o)
 .data          0x000000000020c1a0        0x0 contiki-native.a(autostart.o)
 .data          0x000000000020c1a0        0x0 contiki-native.a(ctimer.o)
 .data.rel.local
                0x000000000020c1a0       0x40 contiki-native.a(ctimer.o)
                0x000000000020c1c0                ctimer_process
 .data          0x000000000020c1e0        0x0 contiki-native.a(etimer.o)
 .data.rel.local
                0x000000000020c1e0       0x20 contiki-native.a(etimer.o)
                0x000000000020c1e0                etimer_process
 .data          0x000000000020c200        0x0 contiki-native.a(process.o)
 .data          0x000000000020c200        0x0 contiki-native.a(rtimer.o)
 .data          0x000000000020c200        0x0 contiki-native.a(timer.o)
 .data          0x000000000020c200        0x0 contiki-native.a(serial-line.o)
 .data.rel.local
                0x000000000020c200       0x20 contiki-native.a(serial-line.o)
                0x000000000020c200                serial_line_process
 .data          0x000000000020c220        0x0 contiki-native.a(list.o)
 .data          0x000000000020c220        0x0 contiki-native.a(random.o)
 .data          0x000000000020c220        0x0 contiki-native.a(ringbuf.o)
 .data          0x000000000020c220        0x0 contiki-native.a(rime.o)
 .data.rel.local
                0x000000000020c220        0x8 contiki-native.a(rime.o)
 .data          0x000000000020c228        0x0 contiki-native.a(broadcast-annou)
 .data          0x000000000020c228        0x0 contiki-native.a(chameleon.o)
 .data          0x000000000020c228        0x0 contiki-native.a(broadcast.o)
 .data          0x000000000020c228        0x0 contiki-native.a(abc.o)
 .data          0x000000000020c228        0x0 contiki-native.a(announcement.o)
 .data.rel.local
                0x000000000020c228        0x8 contiki-native.a(announcement.o)
 .data          0x000000000020c230        0x0 contiki-native.a(queuebuf.o)
 .data.rel.local
                0x000000000020c230       0x38 contiki-native.a(queuebuf.o)
 .data          0x000000000020c268        0x0 contiki-native.a(packetbuf.o)
 .data.rel.local
                0x000000000020c268        0x8 contiki-native.a(packetbuf.o)
 .data          0x000000000020c270        0x0 contiki-native.a(netstack.o)
 .data          0x000000000020c270        0x0 contiki-native.a(linkaddr.o)
 .data          0x000000000020c270        0x0 contiki-native.a(nullmac.o)
 .data          0x000000000020c270        0x0 contiki-native.a(nullrdc.o)
 .data          0x000000000020c270        0x0 contiki-native.a(nullsec.o)
 .data          0x000000000020c270        0x0 contiki-native.a(rtimer-arch.o)
 .data          0x000000000020c270        0x0 contiki-native.a(nullradio.o)
 .data          0x000000000020c270        0x0 contiki-native.a(memb.o)
 .data          0x000000000020c270        0x0 contiki-native.a(chameleon-bitop)
 .data          0x000000000020c270        0x0 contiki-native.a(channel.o)
 .data.rel.local
                0x000000000020c270        0x8 contiki-native.a(channel.o)
 .data          0x000000000020c278        0x0 contiki-native.a(framer-nullmac.)
 .data          0x000000000020c278        0x0 contiki-native.a(mac.o)
 .data          0x000000000020c278        0x0 /usr/lib/x86_64-linux-gnu/libc_nonshared.a(elf-init.oS)
 .data          0x000000000020c278        0x0 /usr/lib/gcc/x86_64-linux-gnu/6/crtendS.o
 .data          0x000000000020c278        0x0 /usr/lib/gcc/x86_64-linux-gnu/6/../../../x86_64-linux-gnu/crtn.o

.tm_clone_table
                0x000000000020c278        0x0
 .tm_clone_table
                0x000000000020c278        0x0 /usr/lib/gcc/x86_64-linux-gnu/6/crtbeginS.o
 .tm_clone_table
                0x000000000020c278        0x0 /usr/lib/gcc/x86_64-linux-gnu/6/crtendS.o

.data1
 *(.data1)
                0x000000000020c278                _edata = .
                [!provide]                        PROVIDE (edata, .)
                0x000000000020c278                . = .
                0x000000000020c278                __bss_start = .

.bss            0x000000000020c280      0xe08
 *(.dynbss)
 .dynbss        0x000000000020c280       0x28 /usr/lib/gcc/x86_64-linux-gnu/6/../../../x86_64-linux-gnu/Scrt1.o
                0x000000000020c280                stdout@@GLIBC_2.2.5
                0x000000000020c2a0                stderr@@GLIBC_2.2.5
 *(.bss .bss.* .gnu.linkonce.b.*)
 .bss           0x000000000020c2a8        0x0 /usr/lib/gcc/x86_64-linux-gnu/6/../../../x86_64-linux-gnu/Scrt1.o
 .bss           0x000000000020c2a8        0x0 /usr/lib/gcc/x86_64-linux-gnu/6/../../../x86_64-linux-gnu/crti.o
 .bss           0x000000000020c2a8        0x1 /usr/lib/gcc/x86_64-linux-gnu/6/crtbeginS.o
 .bss           0x000000000020c2a9        0x0 test-coffee.co
 *fill*         0x000000000020c2a9       0x17 
 .bss           0x000000000020c2c0       0x64 contiki-native.a(contiki-main.o)
                0x000000000020c2c0                contiki_argc
 .bss           0x000000000020c324        0x0 contiki-native.a(clock.o)
 .bss           0x000000000020c324        0x0 contiki-native.a(button-sensor.o)
 .bss           0x000000000020c324        0x4 contiki-native.a(pir-sensor.o)
 .bss           0x000000000020c328        0x4 contiki-native.a(vib-sensor.o)
 .bss           0x000000000020c32c        0xc contiki-native.a(sensors.o)
 .bss           0x000000000020c338        0x0 contiki-native.a(cfs-posix.o)
 .bss           0x000000000020c338        0x0 contiki-native.a(autostart.o)
 .bss           0x000000000020c338        0x9 contiki-native.a(ctimer.o)
 *fill*         0x000000000020c341        0x7 
 .bss           0x000000000020c348       0x10 contiki-native.a(etimer.o)
 *fill*         0x000000000020c358        0x8 
 .bss           0x000000000020c360      0x321 contiki-native.a(process.o)
                0x000000000020c360                process_list
                0x000000000020c368                process_current
 *fill*         0x000000000020c681        0x7 
 .bss           0x000000000020c688        0x8 contiki-native.a(rtimer.o)
 .bss           0x000000000020c690        0x0 contiki-native.a(timer.o)
 *fill*         0x000000000020c690       0x10 
 .bss           0x000000000020c6a0      0x140 contiki-native.a(serial-line.o)
 .bss           0x000000000020c7e0        0x0 contiki-native.a(list.o)
 .bss           0x000000000020c7e0        0x0 contiki-native.a(random.o)
 .bss           0x000000000020c7e0        0x0 contiki-native.a(ringbuf.o)
 .bss           0x000000000020c7e0        0x8 contiki-native.a(rime.o)
 *fill*         0x000000000020c7e8       0x18 
 .bss           0x000000000020c800       0xd8 contiki-native.a(broadcast-annou)
 .bss           0x000000000020c8d8        0x0 contiki-native.a(chameleon.o)
 .bss           0x000000000020c8d8        0x0 contiki-native.a(broadcast.o)
 .bss           0x000000000020c8d8        0x0 contiki-native.a(abc.o)
 .bss           0x000000000020c8d8       0x18 contiki-native.a(announcement.o)
 *fill*         0x000000000020c8f0       0x10 
 .bss           0x000000000020c900      0x670 contiki-native.a(queuebuf.o)
 *fill*         0x000000000020cf70       0x10 
 .bss           0x000000000020cf80       0xa0 contiki-native.a(packetbuf.o)
 .bss           0x000000000020d020        0x0 contiki-native.a(netstack.o)
 .bss           0x000000000020d020        0x0 contiki-native.a(linkaddr.o)
 .bss           0x000000000020d020        0x0 contiki-native.a(nullmac.o)
 .bss           0x000000000020d020        0x0 contiki-native.a(nullrdc.o)
 .bss           0x000000000020d020        0x0 contiki-native.a(nullsec.o)
 .bss           0x000000000020d020        0x0 contiki-native.a(rtimer-arch.o)
 .bss           0x000000000020d020        0x0 contiki-native.a(nullradio.o)
 .bss           0x000000000020d020        0x0 contiki-native.a(memb.o)
 .bss           0x000000000020d020        0x0 contiki-native.a(chameleon-bitop)
 .bss           0x000000000020d020        0x8 contiki-native.a(channel.o)
 .bss           0x000000000020d028        0x0 contiki-native.a(framer-nullmac.)
 .bss           0x000000000020d028        0x0 contiki-native.a(mac.o)
 .bss           0x000000000020d028        0x0 /usr/lib/x86_64-linux-gnu/libc_nonshared.a(elf-init.oS)
 .bss           0x000000000020d028        0x0 /usr/lib/gcc/x86_64-linux-gnu/6/crtendS.o
 .bss           0x000000000020d028        0x0 /usr/lib/gcc/x86_64-linux-gnu/6/../../../x86_64-linux-gnu/crtn.o
 *(COMMON)
 COMMON         0x000000000020d028        0xc contiki-native.a(contiki-main.o)
                0x000000000020d028                contiki_argv
                0x000000000020d030                sensors_flags
 COMMON         0x000000000020d034        0x1 contiki-native.a(sensors.o)
                0x000000000020d034                sensors_event
 COMMON         0x000000000020d035        0x1 contiki-native.a(serial-line.o)
                0x000000000020d035                serial_line_event_message
 *fill*         0x000000000020d036        0xa 
 COMMON         0x000000000020d040       0x40 contiki-native.a(packetbuf.o)
                0x000000000020d040                packetbuf_attrs
                0x000000000020d078                packetbuf_addrs
 COMMON         0x000000000020d080        0x2 contiki-native.a(linkaddr.o)
                0x000000000020d080                linkaddr_node_addr
                0x000000000020d088                . = ALIGN ((. != 0x0)?0x8:0x1)
 *fill*         0x000000000020d082        0x6 

.lbss
 *(.dynlbss)
 *(.lbss .lbss.* .gnu.linkonce.lb.*)
 *(LARGE_COMMON)
                0x000000000020d088                . = ALIGN (0x8)
                0x000000000020d088                . = SEGMENT_START ("ldata-segment", .)

.lrodata
 *(.lrodata .lrodata.* .gnu.linkonce.lr.*)

.ldata          0x000000000060d088        0x0
 *(.ldata .ldata.* .gnu.linkonce.l.*)
                0x000000000060d088                . = ALIGN ((. != 0x0)?0x8:0x1)
                0x000000000060d088                . = ALIGN (0x8)
                0x000000000060d088                _end = .
                [!provide]                        PROVIDE (end, .)
                0x000000000060d088                . = DATA_SEGMENT_END (.)

.stab
 *(.stab)

.stabstr
 *(.stabstr)

.stab.excl
 *(.stab.excl)

.stab.exclstr
 *(.stab.exclstr)

.stab.index
 *(.stab.index)

.stab.indexstr
 *(.stab.indexstr)

.comment        0x0000000000000000       0x2d
 *(.comment)
 .comment       0x0000000000000000       0x2d /usr/lib/gcc/x86_64-linux-gnu/6/crtbeginS.o
                                         0x2e (size before relaxing)
 .comment       0x000000000000002d       0x2e test-coffee.co
 .comment       0x000000000000002d       0x2e contiki-native.a(contiki-main.o)
 .comment       0x000000000000002d       0x2e contiki-native.a(clock.o)
 .comment       0x000000000000002d       0x2e contiki-native.a(button-sensor.o)
 .comment       0x000000000000002d       0x2e contiki-native.a(pir-sensor.o)
 .comment       0x000000000000002d       0x2e contiki-native.a(vib-sensor.o)
 .comment       0x000000000000002d       0x2e contiki-native.a(sensors.o)
 .comment       0x000000000000002d       0x2e contiki-native.a(cfs-posix.o)
 .comment       0x000000000000002d       0x2e contiki-native.a(autostart.o)
 .comment       0x000000000000002d       0x2e contiki-native.a(ctimer.o)
 .comment       0x000000000000002d       0x2e contiki-native.a(etimer.o)
 .comment       0x000000000000002d       0x2e contiki-native.a(process.o)
 .comment       0x000000000000002d       0x2e contiki-native.a(rtimer.o)
 .comment       0x000000000000002d       0x2e contiki-native.a(timer.o)
 .comment       0x000000000000002d       0x2e contiki-native.a(serial-line.o)
 .comment       0x000000000000002d       0x2e contiki-native.a(list.o)
 .comment       0x000000000000002d       0x2e contiki-native.a(random.o)
 .comment       0x000000000000002d       0x2e contiki-native.a(ringbuf.o)
 .comment       0x000000000000002d       0x2e contiki-native.a(rime.o)
 .comment       0x000000000000002d       0x2e contiki-native.a(broadcast-annou)
 .comment       0x000000000000002d       0x2e contiki-native.a(chameleon.o)
 .comment       0x000000000000002d       0x2e contiki-native.a(broadcast.o)
 .comment       0x000000000000002d       0x2e contiki-native.a(abc.o)
 .comment       0x000000000000002d       0x2e contiki-native.a(announcement.o)
 .comment       0x000000000000002d       0x2e contiki-native.a(queuebuf.o)
 .comment       0x000000000000002d       0x2e contiki-native.a(packetbuf.o)
 .comment       0x000000000000002d       0x2e contiki-native.a(netstack.o)
 .comment       0x000000000000002d       0x2e contiki-native.a(linkaddr.o)
 .comment       0x000000000000002d       0x2e contiki-native.a(nullmac.o)
 .comment       0x000000000000002d       0x2e contiki-native.a(nullrdc.o)
 .comment       0x000000000000002d       0x2e contiki-native.a(nullsec.o)
 .comment       0x000000000000002d       0x2e contiki-native.a(rtimer-arch.o)
 .comment       0x000000000000002d       0x2e contiki-native.a(nullradio.o)
 .comment       0x000000000000002d       0x2e contiki-native.a(memb.o)
 .comment       0x000000000000002d       0x2e contiki-native.a(chameleon-bitop)
 .comment       0x000000000000002d       0x2e contiki-native.a(channel.o)
 .comment       0x000000000000002d       0x2e contiki-native.a(framer-nullmac.)
 .comment       0x000000000000002d       0x2e contiki-native.a(mac.o)
 .comment       0x000000000000002d       0x2e /usr/lib/gcc/x86_64-linux-gnu/6/crtendS.o

.debug
 *(.debug)

.line
 *(.line)

.debug_srcinfo
 *(.debug_srcinfo)

.debug_sfnames
 *(.debug_sfnames)

.debug_aranges  0x0000000000000000      0x720
 *(.debug_aranges)
 .debug_aranges
                0x0000000000000000       0x30 test-coffee.co
 .debug_aranges
                0x0000000000000030       0x30 contiki-native.a(contiki-main.o)
 .debug_aranges
                0x0000000000000060       0x30 contiki-native.a(clock.o)
 .debug_aranges
                0x0000000000000090       0x30 contiki-native.a(button-sensor.o)
 .debug_aranges
                0x00000000000000c0       0x30 contiki-native.a(pir-sensor.o)
 .debug_aranges
                0x00000000000000f0       0x30 contiki-native.a(vib-sensor.o)
 .debug_aranges
                0x0000000000000120       0x30 contiki-native.a(sensors.o)
 .debug_aranges
                0x0000000000000150       0x30 contiki-native.a(cfs-posix.o)
 .debug_aranges
                0x0000000000000180       0x30 contiki-native.a(autostart.o)
 .debug_aranges
                0x00000000000001b0       0x30 contiki-native.a(ctimer.o)
 .debug_aranges
                0x00000000000001e0       0x30 contiki-native.a(etimer.o)
 .debug_aranges
                0x0000000000000210       0x30 contiki-native.a(process.o)
 .debug_aranges
                0x0000000000000240       0x30 contiki-native.a(rtimer.o)
 .debug_aranges
                0x0000000000000270       0x30 contiki-native.a(timer.o)
 .debug_aranges
                0x00000000000002a0       0x30 contiki-native.a(serial-line.o)
 .debug_aranges
                0x00000000000002d0       0x30 contiki-native.a(list.o)
 .debug_aranges
                0x0000000000000300       0x30 contiki-native.a(random.o)
 .debug_aranges
                0x0000000000000330       0x30 contiki-native.a(ringbuf.o)
 .debug_aranges
                0x0000000000000360       0x30 contiki-native.a(rime.o)
 .debug_aranges
                0x0000000000000390       0x30 contiki-native.a(broadcast-annou)
 .debug_aranges
                0x00000000000003c0       0x30 contiki-native.a(chameleon.o)
 .debug_aranges
                0x00000000000003f0       0x30 contiki-native.a(broadcast.o)
 .debug_aranges
                0x0000000000000420       0x30 contiki-native.a(abc.o)
 .debug_aranges
                0x0000000000000450       0x30 contiki-native.a(announcement.o)
 .debug_aranges
                0x0000000000000480       0x30 contiki-native.a(queuebuf.o)
 .debug_aranges
                0x00000000000004b0       0x30 contiki-native.a(packetbuf.o)
 .debug_aranges
                0x00000000000004e0       0x30 contiki-native.a(netstack.o)
 .debug_aranges
                0x0000000000000510       0x30 contiki-native.a(linkaddr.o)
 .debug_aranges
                0x0000000000000540       0x30 contiki-native.a(nullmac.o)
 .debug_aranges
                0x0000000000000570       0x30 contiki-native.a(nullrdc.o)
 .debug_aranges
                0x00000000000005a0       0x30 contiki-native.a(nullsec.o)
 .debug_aranges
                0x00000000000005d0       0x30 contiki-native.a(rtimer-arch.o)
 .debug_aranges
                0x0000000000000600       0x30 contiki-native.a(nullradio.o)
 .debug_aranges
                0x0000000000000630       0x30 contiki-native.a(memb.o)
 .debug_aranges
                0x0000000000000660       0x30 contiki-native.a(chameleon-bitop)
 .debug_aranges
                0x0000000000000690       0x30 contiki-native.a(channel.o)
 .debug_aranges
                0x00000000000006c0       0x30 contiki-native.a(framer-nullmac.)
 .debug_aranges
                0x00000000000006f0       0x30 contiki-native.a(mac.o)

.debug_pubnames
 *(.debug_pubnames)

.debug_info     0x0000000000000000    0x1024e
 *(.debug_info .gnu.linkonce.wi.*)
 .debug_info    0x0000000000000000      0x6e6 test-coffee.co
 .debug_info    0x00000000000006e6     0x1241 contiki-native.a(contiki-main.o)
 .debug_info    0x0000000000001927      0x1c8 contiki-native.a(clock.o)
 .debug_info    0x0000000000001aef      0x2de contiki-native.a(button-sensor.o)
 .debug_info    0x0000000000001dcd      0x300 contiki-native.a(pir-sensor.o)
 .debug_info    0x00000000000020cd      0x2f1 contiki-native.a(vib-sensor.o)
 .debug_info    0x00000000000023be      0x3fc contiki-native.a(sensors.o)
 .debug_info    0x00000000000027ba      0x5c3 contiki-native.a(cfs-posix.o)
 .debug_info    0x0000000000002d7d      0x1e5 contiki-native.a(autostart.o)
 .debug_info    0x0000000000002f62      0x516 contiki-native.a(ctimer.o)
 .debug_info    0x0000000000003478      0x535 contiki-native.a(etimer.o)
 .debug_info    0x00000000000039ad      0x7c4 contiki-native.a(process.o)
 .debug_info    0x0000000000004171      0x2d4 contiki-native.a(rtimer.o)
 .debug_info    0x0000000000004445      0x198 contiki-native.a(timer.o)
 .debug_info    0x00000000000045dd      0x34d contiki-native.a(serial-line.o)
 .debug_info    0x000000000000492a      0x351 contiki-native.a(list.o)
 .debug_info    0x0000000000004c7b       0xc3 contiki-native.a(random.o)
 .debug_info    0x0000000000004d3e      0x1d6 contiki-native.a(ringbuf.o)
 .debug_info    0x0000000000004f14      0xc38 contiki-native.a(rime.o)
 .debug_info    0x0000000000005b4c      0xb88 contiki-native.a(broadcast-annou)
 .debug_info    0x00000000000066d4      0xa61 contiki-native.a(chameleon.o)
 .debug_info    0x0000000000007135      0xdb0 contiki-native.a(broadcast.o)
 .debug_info    0x0000000000007ee5      0xd03 contiki-native.a(abc.o)
 .debug_info    0x0000000000008be8      0x430 contiki-native.a(announcement.o)
 .debug_info    0x0000000000009018      0xf4d contiki-native.a(queuebuf.o)
 .debug_info    0x0000000000009f65      0xf79 contiki-native.a(packetbuf.o)
 .debug_info    0x000000000000aede      0x9e9 contiki-native.a(netstack.o)
 .debug_info    0x000000000000b8c7      0x19b contiki-native.a(linkaddr.o)
 .debug_info    0x000000000000ba62      0xab2 contiki-native.a(nullmac.o)
 .debug_info    0x000000000000c514      0xcc0 contiki-native.a(nullrdc.o)
 .debug_info    0x000000000000d1d4      0xb14 contiki-native.a(nullsec.o)
 .debug_info    0x000000000000dce8      0x206 contiki-native.a(rtimer-arch.o)
 .debug_info    0x000000000000deee      0x52e contiki-native.a(nullradio.o)
 .debug_info    0x000000000000e41c      0x301 contiki-native.a(memb.o)
 .debug_info    0x000000000000e71d      0xbc9 contiki-native.a(chameleon-bitop)
 .debug_info    0x000000000000f2e6      0x722 contiki-native.a(channel.o)
 .debug_info    0x000000000000fa08      0x71d contiki-native.a(framer-nullmac.)
 .debug_info    0x0000000000010125      0x129 contiki-native.a(mac.o)

.debug_abbrev   0x0000000000000000     0x414f
 *(.debug_abbrev)
 .debug_abbrev  0x0000000000000000      0x215 test-coffee.co
 .debug_abbrev  0x0000000000000215      0x2c2 contiki-native.a(contiki-main.o)
 .debug_abbrev  0x00000000000004d7       0xf4 contiki-native.a(clock.o)
 .debug_abbrev  0x00000000000005cb      0x145 contiki-native.a(button-sensor.o)
 .debug_abbrev  0x0000000000000710      0x163 contiki-native.a(pir-sensor.o)
 .debug_abbrev  0x0000000000000873      0x163 contiki-native.a(vib-sensor.o)
 .debug_abbrev  0x00000000000009d6      0x1cb contiki-native.a(sensors.o)
 .debug_abbrev  0x0000000000000ba1      0x198 contiki-native.a(cfs-posix.o)
 .debug_abbrev  0x0000000000000d39      0x129 contiki-native.a(autostart.o)
 .debug_abbrev  0x0000000000000e62      0x1bc contiki-native.a(ctimer.o)
 .debug_abbrev  0x000000000000101e      0x219 contiki-native.a(etimer.o)
 .debug_abbrev  0x0000000000001237      0x27b contiki-native.a(process.o)
 .debug_abbrev  0x00000000000014b2      0x1a2 contiki-native.a(rtimer.o)
 .debug_abbrev  0x0000000000001654       0xf1 contiki-native.a(timer.o)
 .debug_abbrev  0x0000000000001745      0x1a5 contiki-native.a(serial-line.o)
 .debug_abbrev  0x00000000000018ea      0x141 contiki-native.a(list.o)
 .debug_abbrev  0x0000000000001a2b       0x69 contiki-native.a(random.o)
 .debug_abbrev  0x0000000000001a94       0xbd contiki-native.a(ringbuf.o)
 .debug_abbrev  0x0000000000001b51      0x25d contiki-native.a(rime.o)
 .debug_abbrev  0x0000000000001dae      0x258 contiki-native.a(broadcast-annou)
 .debug_abbrev  0x0000000000002006      0x1f1 contiki-native.a(chameleon.o)
 .debug_abbrev  0x00000000000021f7      0x238 contiki-native.a(broadcast.o)
 .debug_abbrev  0x000000000000242f      0x222 contiki-native.a(abc.o)
 .debug_abbrev  0x0000000000002651      0x180 contiki-native.a(announcement.o)
 .debug_abbrev  0x00000000000027d1      0x27b contiki-native.a(queuebuf.o)
 .debug_abbrev  0x0000000000002a4c      0x29d contiki-native.a(packetbuf.o)
 .debug_abbrev  0x0000000000002ce9      0x1b0 contiki-native.a(netstack.o)
 .debug_abbrev  0x0000000000002e99       0xfb contiki-native.a(linkaddr.o)
 .debug_abbrev  0x0000000000002f94      0x24f contiki-native.a(nullmac.o)
 .debug_abbrev  0x00000000000031e3      0x2b7 contiki-native.a(nullrdc.o)
 .debug_abbrev  0x000000000000349a      0x207 contiki-native.a(nullsec.o)
 .debug_abbrev  0x00000000000036a1      0x10d contiki-native.a(rtimer-arch.o)
 .debug_abbrev  0x00000000000037ae      0x160 contiki-native.a(nullradio.o)
 .debug_abbrev  0x000000000000390e      0x158 contiki-native.a(memb.o)
 .debug_abbrev  0x0000000000003a66      0x292 contiki-native.a(chameleon-bitop)
 .debug_abbrev  0x0000000000003cf8      0x1ec contiki-native.a(channel.o)
 .debug_abbrev  0x0000000000003ee4      0x1c8 contiki-native.a(framer-nullmac.)
 .debug_abbrev  0x00000000000040ac       0xa3 contiki-native.a(mac.o)

.debug_line     0x0000000000000000     0x5eb8
 *(.debug_line .debug_line.* .debug_line_end)
 .debug_line    0x0000000000000000      0x301 test-coffee.co
 .debug_line    0x0000000000000301      0x61c contiki-native.a(contiki-main.o)
 .debug_line    0x000000000000091d      0x122 contiki-native.a(clock.o)
 .debug_line    0x0000000000000a3f      0x1d7 contiki-native.a(button-sensor.o)
 .debug_line    0x0000000000000c16      0x1d5 contiki-native.a(pir-sensor.o)
 .debug_line    0x0000000000000deb      0x1d4 contiki-native.a(vib-sensor.o)
 .debug_line    0x0000000000000fbf      0x1fc contiki-native.a(sensors.o)
 .debug_line    0x00000000000011bb      0x231 contiki-native.a(cfs-posix.o)
 .debug_line    0x00000000000013ec      0x128 contiki-native.a(autostart.o)
 .debug_line    0x0000000000001514      0x26a contiki-native.a(ctimer.o)
 .debug_line    0x000000000000177e      0x255 contiki-native.a(etimer.o)
 .debug_line    0x00000000000019d3      0x2a2 contiki-native.a(process.o)
 .debug_line    0x0000000000001c75      0x12f contiki-native.a(rtimer.o)
 .debug_line    0x0000000000001da4      0x14c contiki-native.a(timer.o)
 .debug_line    0x0000000000001ef0      0x22f contiki-native.a(serial-line.o)
 .debug_line    0x000000000000211f      0x17f contiki-native.a(list.o)
 .debug_line    0x000000000000229e       0x85 contiki-native.a(random.o)
 .debug_line    0x0000000000002323      0x119 contiki-native.a(ringbuf.o)
 .debug_line    0x000000000000243c      0x434 contiki-native.a(rime.o)
 .debug_line    0x0000000000002870      0x373 contiki-native.a(broadcast-annou)
 .debug_line    0x0000000000002be3      0x2f9 contiki-native.a(chameleon.o)
 .debug_line    0x0000000000002edc      0x438 contiki-native.a(broadcast.o)
 .debug_line    0x0000000000003314      0x420 contiki-native.a(abc.o)
 .debug_line    0x0000000000003734      0x1f8 contiki-native.a(announcement.o)
 .debug_line    0x000000000000392c      0x498 contiki-native.a(queuebuf.o)
 .debug_line    0x0000000000003dc4      0x49a contiki-native.a(packetbuf.o)
 .debug_line    0x000000000000425e      0x329 contiki-native.a(netstack.o)
 .debug_line    0x0000000000004587       0xf9 contiki-native.a(linkaddr.o)
 .debug_line    0x0000000000004680      0x344 contiki-native.a(nullmac.o)
 .debug_line    0x00000000000049c4      0x38d contiki-native.a(nullrdc.o)
 .debug_line    0x0000000000004d51      0x34d contiki-native.a(nullsec.o)
 .debug_line    0x000000000000509e      0x16c contiki-native.a(rtimer-arch.o)
 .debug_line    0x000000000000520a      0x141 contiki-native.a(nullradio.o)
 .debug_line    0x000000000000534b      0x1c7 contiki-native.a(memb.o)
 .debug_line    0x0000000000005512      0x39e contiki-native.a(chameleon-bitop)
 .debug_line    0x00000000000058b0      0x2bd contiki-native.a(channel.o)
 .debug_line    0x0000000000005b6d      0x26a contiki-native.a(framer-nullmac.)
 .debug_line    0x0000000000005dd7       0xe1 contiki-native.a(mac.o)

.debug_frame
 *(.debug_frame)

.debug_str      0x0000000000000000     0x2c4f
 *(.debug_str)
 .debug_str     0x0000000000000000      0x38f test-coffee.co
                                        0x430 (size before relaxing)
 .debug_str     0x000000000000038f      0x755 contiki-native.a(contiki-main.o)
                                        0xb65 (size before relaxing)
 .debug_str     0x0000000000000ae4       0xc0 contiki-native.a(clock.o)
                                        0x1ab (size before relaxing)
 .debug_str     0x0000000000000ba4       0x6c contiki-native.a(button-sensor.o)
                                        0x1f4 (size before relaxing)
 .debug_str     0x0000000000000c10       0x82 contiki-native.a(pir-sensor.o)
                                        0x207 (size before relaxing)
 .debug_str     0x0000000000000c92       0x6f contiki-native.a(vib-sensor.o)
                                        0x1f4 (size before relaxing)
 .debug_str     0x0000000000000d01       0xc9 contiki-native.a(sensors.o)
                                        0x27e (size before relaxing)
 .debug_str     0x0000000000000dca       0x97 contiki-native.a(cfs-posix.o)
                                        0x404 (size before relaxing)
 .debug_str     0x0000000000000e61       0x6f contiki-native.a(autostart.o)
                                        0x19b (size before relaxing)
 .debug_str     0x0000000000000ed0      0x11b contiki-native.a(ctimer.o)
                                        0x29b (size before relaxing)
 .debug_str     0x0000000000000feb      0x187 contiki-native.a(etimer.o)
                                        0x2eb (size before relaxing)
 .debug_str     0x0000000000001172      0x17e contiki-native.a(process.o)
                                        0x4b6 (size before relaxing)
 .debug_str     0x00000000000012f0       0xf6 contiki-native.a(rtimer.o)
                                        0x239 (size before relaxing)
 .debug_str     0x00000000000013e6       0x5c contiki-native.a(timer.o)
                                        0x159 (size before relaxing)
 .debug_str     0x0000000000001442       0xcf contiki-native.a(serial-line.o)
                                        0x259 (size before relaxing)
 .debug_str     0x0000000000001511       0xe2 contiki-native.a(list.o)
                                        0x12f (size before relaxing)
 .debug_str     0x00000000000015f3       0x81 contiki-native.a(random.o)
                                        0x133 (size before relaxing)
 .debug_str     0x0000000000001674       0x91 contiki-native.a(ringbuf.o)
                                        0x16c (size before relaxing)
 .debug_str     0x0000000000001705      0x144 contiki-native.a(rime.o)
                                        0x6db (size before relaxing)
 .debug_str     0x0000000000001849      0x243 contiki-native.a(broadcast-annou)
                                        0x666 (size before relaxing)
 .debug_str     0x0000000000001a8c      0x3c5 contiki-native.a(chameleon.o)
                                        0x9a3 (size before relaxing)
 .debug_str     0x0000000000001e51       0xd5 contiki-native.a(broadcast.o)
                                        0x9ea (size before relaxing)
 .debug_str     0x0000000000001f26       0x7e contiki-native.a(abc.o)
                                        0x9a1 (size before relaxing)
 .debug_str     0x0000000000001fa4      0x18c contiki-native.a(announcement.o)
                                        0x31b (size before relaxing)
 .debug_str     0x0000000000002130      0x203 contiki-native.a(queuebuf.o)
                                        0xacd (size before relaxing)
 .debug_str     0x0000000000002333      0x204 contiki-native.a(packetbuf.o)
                                        0xb0b (size before relaxing)
 .debug_str     0x0000000000002537       0x5d contiki-native.a(netstack.o)
                                        0x5c4 (size before relaxing)
 .debug_str     0x0000000000002594       0x8d contiki-native.a(linkaddr.o)
                                        0x16b (size before relaxing)
 .debug_str     0x0000000000002621       0x79 contiki-native.a(nullmac.o)
                                        0x5e5 (size before relaxing)
 .debug_str     0x000000000000269a       0xb4 contiki-native.a(nullrdc.o)
                                        0x9b0 (size before relaxing)
 .debug_str     0x000000000000274e       0x54 contiki-native.a(nullsec.o)
                                        0x8cc (size before relaxing)
 .debug_str     0x00000000000027a2       0xe8 contiki-native.a(rtimer-arch.o)
                                        0x229 (size before relaxing)
 .debug_str     0x000000000000288a       0x8a contiki-native.a(nullradio.o)
                                        0x282 (size before relaxing)
 .debug_str     0x0000000000002914       0x91 contiki-native.a(memb.o)
                                        0x1d2 (size before relaxing)
 .debug_str     0x00000000000029a5      0x115 contiki-native.a(chameleon-bitop)
                                        0x83e (size before relaxing)
 .debug_str     0x0000000000002aba       0xc0 contiki-native.a(channel.o)
                                        0x482 (size before relaxing)
 .debug_str     0x0000000000002b7a       0x70 contiki-native.a(framer-nullmac.)
                                        0x701 (size before relaxing)
 .debug_str     0x0000000000002bea       0x65 contiki-native.a(mac.o)
                                        0x199 (size before relaxing)

.debug_loc
 *(.debug_loc)

.debug_macinfo
 *(.debug_macinfo)

.debug_weaknames
 *(.debug_weaknames)

.debug_funcnames
 *(.debug_funcnames)

.debug_typenames
 *(.debug_typenames)

.debug_varnames
 *(.debug_varnames)

.debug_pubtypes
 *(.debug_pubtypes)

.debug_ranges   0x0000000000000000       0x90
 *(.debug_ranges)
 .debug_ranges  0x0000000000000000       0x30 contiki-native.a(etimer.o)
 .debug_ranges  0x0000000000000030       0x30 contiki-native.a(serial-line.o)
 .debug_ranges  0x0000000000000060       0x30 contiki-native.a(nullrdc.o)

.debug_macro
 *(.debug_macro)

.debug_addr
 *(.debug_addr)

.gnu.attributes
 *(.gnu.attributes)

/DISCARD/
 *(.note.GNU-stack)
 *(.gnu_debuglink)
 *(.gnu.lto_*)
OUTPUT(test-coffee.native elf64-x86-64)
